Archive member included to satisfy reference by file (symbol)

/Applications/STM32CubeIDE.app/Contents/Eclipse/plugins/com.st.stm32cube.ide.mcu.externaltools.gnu-tools-for-stm32.12.3.rel1.macos64_1.1.0.202410301201/tools/bin/../lib/gcc/arm-none-eabi/12.3.1/../../../../arm-none-eabi/lib/thumb/v7e-m+fp/hard/libc_nano.a(libc_a-exit.o)
                              /Applications/STM32CubeIDE.app/Contents/Eclipse/plugins/com.st.stm32cube.ide.mcu.externaltools.gnu-tools-for-stm32.12.3.rel1.macos64_1.1.0.202410301201/tools/bin/../lib/gcc/arm-none-eabi/12.3.1/../../../../arm-none-eabi/lib/thumb/v7e-m+fp/hard/crt0.o (exit)
/Applications/STM32CubeIDE.app/Contents/Eclipse/plugins/com.st.stm32cube.ide.mcu.externaltools.gnu-tools-for-stm32.12.3.rel1.macos64_1.1.0.202410301201/tools/bin/../lib/gcc/arm-none-eabi/12.3.1/../../../../arm-none-eabi/lib/thumb/v7e-m+fp/hard/libc_nano.a(libc_a-malloc.o)
                              ./Core/Src/app.o (malloc)
/Applications/STM32CubeIDE.app/Contents/Eclipse/plugins/com.st.stm32cube.ide.mcu.externaltools.gnu-tools-for-stm32.12.3.rel1.macos64_1.1.0.202410301201/tools/bin/../lib/gcc/arm-none-eabi/12.3.1/../../../../arm-none-eabi/lib/thumb/v7e-m+fp/hard/libc_nano.a(libc_a-mallocr.o)
                              /Applications/STM32CubeIDE.app/Contents/Eclipse/plugins/com.st.stm32cube.ide.mcu.externaltools.gnu-tools-for-stm32.12.3.rel1.macos64_1.1.0.202410301201/tools/bin/../lib/gcc/arm-none-eabi/12.3.1/../../../../arm-none-eabi/lib/thumb/v7e-m+fp/hard/libc_nano.a(libc_a-malloc.o) (_malloc_r)
/Applications/STM32CubeIDE.app/Contents/Eclipse/plugins/com.st.stm32cube.ide.mcu.externaltools.gnu-tools-for-stm32.12.3.rel1.macos64_1.1.0.202410301201/tools/bin/../lib/gcc/arm-none-eabi/12.3.1/../../../../arm-none-eabi/lib/thumb/v7e-m+fp/hard/libc_nano.a(libc_a-mlock.o)
                              /Applications/STM32CubeIDE.app/Contents/Eclipse/plugins/com.st.stm32cube.ide.mcu.externaltools.gnu-tools-for-stm32.12.3.rel1.macos64_1.1.0.202410301201/tools/bin/../lib/gcc/arm-none-eabi/12.3.1/../../../../arm-none-eabi/lib/thumb/v7e-m+fp/hard/libc_nano.a(libc_a-mallocr.o) (__malloc_lock)
/Applications/STM32CubeIDE.app/Contents/Eclipse/plugins/com.st.stm32cube.ide.mcu.externaltools.gnu-tools-for-stm32.12.3.rel1.macos64_1.1.0.202410301201/tools/bin/../lib/gcc/arm-none-eabi/12.3.1/../../../../arm-none-eabi/lib/thumb/v7e-m+fp/hard/libc_nano.a(libc_a-findfp.o)
                              /Applications/STM32CubeIDE.app/Contents/Eclipse/plugins/com.st.stm32cube.ide.mcu.externaltools.gnu-tools-for-stm32.12.3.rel1.macos64_1.1.0.202410301201/tools/bin/../lib/gcc/arm-none-eabi/12.3.1/../../../../arm-none-eabi/lib/thumb/v7e-m+fp/hard/libc_nano.a(libc_a-exit.o) (__stdio_exit_handler)
/Applications/STM32CubeIDE.app/Contents/Eclipse/plugins/com.st.stm32cube.ide.mcu.externaltools.gnu-tools-for-stm32.12.3.rel1.macos64_1.1.0.202410301201/tools/bin/../lib/gcc/arm-none-eabi/12.3.1/../../../../arm-none-eabi/lib/thumb/v7e-m+fp/hard/libc_nano.a(libc_a-fwalk.o)
                              /Applications/STM32CubeIDE.app/Contents/Eclipse/plugins/com.st.stm32cube.ide.mcu.externaltools.gnu-tools-for-stm32.12.3.rel1.macos64_1.1.0.202410301201/tools/bin/../lib/gcc/arm-none-eabi/12.3.1/../../../../arm-none-eabi/lib/thumb/v7e-m+fp/hard/libc_nano.a(libc_a-findfp.o) (_fwalk_sglue)
/Applications/STM32CubeIDE.app/Contents/Eclipse/plugins/com.st.stm32cube.ide.mcu.externaltools.gnu-tools-for-stm32.12.3.rel1.macos64_1.1.0.202410301201/tools/bin/../lib/gcc/arm-none-eabi/12.3.1/../../../../arm-none-eabi/lib/thumb/v7e-m+fp/hard/libc_nano.a(libc_a-puts.o)
                              ./Core/Src/app.o (puts)
/Applications/STM32CubeIDE.app/Contents/Eclipse/plugins/com.st.stm32cube.ide.mcu.externaltools.gnu-tools-for-stm32.12.3.rel1.macos64_1.1.0.202410301201/tools/bin/../lib/gcc/arm-none-eabi/12.3.1/../../../../arm-none-eabi/lib/thumb/v7e-m+fp/hard/libc_nano.a(libc_a-memset.o)
                              /Applications/STM32CubeIDE.app/Contents/Eclipse/plugins/com.st.stm32cube.ide.mcu.externaltools.gnu-tools-for-stm32.12.3.rel1.macos64_1.1.0.202410301201/tools/bin/../lib/gcc/arm-none-eabi/12.3.1/../../../../arm-none-eabi/lib/thumb/v7e-m+fp/hard/crt0.o (memset)
/Applications/STM32CubeIDE.app/Contents/Eclipse/plugins/com.st.stm32cube.ide.mcu.externaltools.gnu-tools-for-stm32.12.3.rel1.macos64_1.1.0.202410301201/tools/bin/../lib/gcc/arm-none-eabi/12.3.1/../../../../arm-none-eabi/lib/thumb/v7e-m+fp/hard/libc_nano.a(libc_a-impure.o)
                              /Applications/STM32CubeIDE.app/Contents/Eclipse/plugins/com.st.stm32cube.ide.mcu.externaltools.gnu-tools-for-stm32.12.3.rel1.macos64_1.1.0.202410301201/tools/bin/../lib/gcc/arm-none-eabi/12.3.1/../../../../arm-none-eabi/lib/thumb/v7e-m+fp/hard/libc_nano.a(libc_a-malloc.o) (_impure_ptr)
[...]
Memory Configuration

Name             Origin             Length             Attributes
RAM              0x20000000         0x00020000         xrw
FLASH            0x08000000         0x00080000         xr
*default*        0x00000000         0xffffffff

Linker script and memory map

LOAD /Applications/STM32CubeIDE.app/Contents/Eclipse/plugins/com.st.stm32cube.ide.mcu.externaltools.gnu-tools-for-stm32.12.3.rel1.macos64_1.1.0.202410301201/tools/bin/../lib/gcc/arm-none-eabi/12.3.1/thumb/v7e-m+fp/hard/crti.o
LOAD /Applications/STM32CubeIDE.app/Contents/Eclipse/plugins/com.st.stm32cube.ide.mcu.externaltools.gnu-tools-for-stm32.12.3.rel1.macos64_1.1.0.202410301201/tools/bin/../lib/gcc/arm-none-eabi/12.3.1/thumb/v7e-m+fp/hard/crtbegin.o
LOAD /Applications/STM32CubeIDE.app/Contents/Eclipse/plugins/com.st.stm32cube.ide.mcu.externaltools.gnu-tools-for-stm32.12.3.rel1.macos64_1.1.0.202410301201/tools/bin/../lib/gcc/arm-none-eabi/12.3.1/../../../../arm-none-eabi/lib/thumb/v7e-m+fp/hard/crt0.o
LOAD ./Core/Src/app.o
LOAD ./Core/Src/fatfs_sd.o
LOAD ./Core/Src/main.o
LOAD ./Core/Src/stm32f4xx_hal_msp.o
LOAD ./Core/Src/stm32f4xx_it.o
LOAD ./Core/Src/syscalls.o
LOAD ./Core/Src/sysmem.o
LOAD ./Core/Src/system_stm32f4xx.o
LOAD ./Core/Src/timer.o
LOAD ./Core/Src/uart.o
LOAD ./Core/Startup/startup_stm32f411retx.o
LOAD ./Drivers/STM32F4xx_HAL_Driver/Src/stm32f4xx_hal.o
LOAD ./Drivers/STM32F4xx_HAL_Driver/Src/stm32f4xx_hal_cortex.o
LOAD ./Drivers/STM32F4xx_HAL_Driver/Src/stm32f4xx_hal_dma.o
LOAD ./Drivers/STM32F4xx_HAL_Driver/Src/stm32f4xx_hal_dma_ex.o
LOAD ./Drivers/STM32F4xx_HAL_Driver/Src/stm32f4xx_hal_exti.o
LOAD ./Drivers/STM32F4xx_HAL_Driver/Src/stm32f4xx_hal_flash.o
LOAD ./Drivers/STM32F4xx_HAL_Driver/Src/stm32f4xx_hal_flash_ex.o
LOAD ./Drivers/STM32F4xx_HAL_Driver/Src/stm32f4xx_hal_flash_ramfunc.o
LOAD ./Drivers/STM32F4xx_HAL_Driver/Src/stm32f4xx_hal_gpio.o
LOAD ./Drivers/STM32F4xx_HAL_Driver/Src/stm32f4xx_hal_pwr.o
LOAD ./Drivers/STM32F4xx_HAL_Driver/Src/stm32f4xx_hal_pwr_ex.o
LOAD ./Drivers/STM32F4xx_HAL_Driver/Src/stm32f4xx_hal_rcc.o
LOAD ./Drivers/STM32F4xx_HAL_Driver/Src/stm32f4xx_hal_rcc_ex.o
LOAD ./Drivers/STM32F4xx_HAL_Driver/Src/stm32f4xx_hal_spi.o
LOAD ./Drivers/STM32F4xx_HAL_Driver/Src/stm32f4xx_hal_uart.o
LOAD ./FATFS/App/fatfs.o
LOAD ./FATFS/Target/user_diskio.o
LOAD ./Middlewares/Third_Party/FatFs/src/diskio.o
LOAD ./Middlewares/Third_Party/FatFs/src/ff.o
LOAD ./Middlewares/Third_Party/FatFs/src/ff_gen_drv.o
LOAD ./Middlewares/Third_Party/FatFs/src/option/syscall.o
START GROUP
LOAD /Applications/STM32CubeIDE.app/Contents/Eclipse/plugins/com.st.stm32cube.ide.mcu.externaltools.gnu-tools-for-stm32.12.3.rel1.macos64_1.1.0.202410301201/tools/bin/../lib/gcc/arm-none-eabi/12.3.1/../../../../arm-none-eabi/lib/thumb/v7e-m+fp/hard/libc_nano.a
LOAD /Applications/STM32CubeIDE.app/Contents/Eclipse/plugins/com.st.stm32cube.ide.mcu.externaltools.gnu-tools-for-stm32.12.3.rel1.macos64_1.1.0.202410301201/tools/bin/../lib/gcc/arm-none-eabi/12.3.1/../../../../arm-none-eabi/lib/thumb/v7e-m+fp/hard/libm.a
END GROUP
START GROUP
LOAD /Applications/STM32CubeIDE.app/Contents/Eclipse/plugins/com.st.stm32cube.ide.mcu.externaltools.gnu-tools-for-stm32.12.3.rel1.macos64_1.1.0.202410301201/tools/bin/../lib/gcc/arm-none-eabi/12.3.1/thumb/v7e-m+fp/hard/libgcc.a
LOAD /Applications/STM32CubeIDE.app/Contents/Eclipse/plugins/com.st.stm32cube.ide.mcu.externaltools.gnu-tools-for-stm32.12.3.rel1.macos64_1.1.0.202410301201/tools/bin/../lib/gcc/arm-none-eabi/12.3.1/../../../../arm-none-eabi/lib/thumb/v7e-m+fp/hard/libc_nano.a
END GROUP
START GROUP
LOAD /Applications/STM32CubeIDE.app/Contents/Eclipse/plugins/com.st.stm32cube.ide.mcu.externaltools.gnu-tools-for-stm32.12.3.rel1.macos64_1.1.0.202410301201/tools/bin/../lib/gcc/arm-none-eabi/12.3.1/thumb/v7e-m+fp/hard/libgcc.a
LOAD /Applications/STM32CubeIDE.app/Contents/Eclipse/plugins/com.st.stm32cube.ide.mcu.externaltools.gnu-tools-for-stm32.12.3.rel1.macos64_1.1.0.202410301201/tools/bin/../lib/gcc/arm-none-eabi/12.3.1/../../../../arm-none-eabi/lib/thumb/v7e-m+fp/hard/libc_nano.a
LOAD /Applications/STM32CubeIDE.app/Contents/Eclipse/plugins/com.st.stm32cube.ide.mcu.externaltools.gnu-tools-for-stm32.12.3.rel1.macos64_1.1.0.202410301201/tools/bin/../lib/gcc/arm-none-eabi/12.3.1/../../../../arm-none-eabi/lib/thumb/v7e-m+fp/hard/libnosys.a
END GROUP
START GROUP
LOAD /Applications/STM32CubeIDE.app/Contents/Eclipse/plugins/com.st.stm32cube.ide.mcu.externaltools.gnu-tools-for-stm32.12.3.rel1.macos64_1.1.0.202410301201/tools/bin/../lib/gcc/arm-none-eabi/12.3.1/thumb/v7e-m+fp/hard/libgcc.a
LOAD /Applications/STM32CubeIDE.app/Contents/Eclipse/plugins/com.st.stm32cube.ide.mcu.externaltools.gnu-tools-for-stm32.12.3.rel1.macos64_1.1.0.202410301201/tools/bin/../lib/gcc/arm-none-eabi/12.3.1/../../../../arm-none-eabi/lib/thumb/v7e-m+fp/hard/libc_nano.a
LOAD /Applications/STM32CubeIDE.app/Contents/Eclipse/plugins/com.st.stm32cube.ide.mcu.externaltools.gnu-tools-for-stm32.12.3.rel1.macos64_1.1.0.202410301201/tools/bin/../lib/gcc/arm-none-eabi/12.3.1/../../../../arm-none-eabi/lib/thumb/v7e-m+fp/hard/libnosys.a
END GROUP
LOAD /Applications/STM32CubeIDE.app/Contents/Eclipse/plugins/com.st.stm32cube.ide.mcu.externaltools.gnu-tools-for-stm32.12.3.rel1.macos64_1.1.0.202410301201/tools/bin/../lib/gcc/arm-none-eabi/12.3.1/thumb/v7e-m+fp/hard/crtend.o
LOAD /Applications/STM32CubeIDE.app/Contents/Eclipse/plugins/com.st.stm32cube.ide.mcu.externaltools.gnu-tools-for-stm32.12.3.rel1.macos64_1.1.0.202410301201/tools/bin/../lib/gcc/arm-none-eabi/12.3.1/thumb/v7e-m+fp/hard/crtn.o
                0x20020000                        _estack = (ORIGIN (RAM) + LENGTH (RAM))
                0x00000200                        _Min_Heap_Size = 0x200
                0x00000400                        _Min_Stack_Size = 0x400

.isr_vector     0x08000000      0x198
                0x08000000                        . = ALIGN (0x4)
 *(.isr_vector)
 .isr_vector    0x08000000      0x198 ./Core/Startup/startup_stm32f411retx.o
                0x08000000                g_pfnVectors
                0x08000198                        . = ALIGN (0x4)

.text           0x08000198     0x6e8c
                0x08000198                        . = ALIGN (0x4)
 *(.text)
 .text          0x08000198       0x40 /Applications/STM32CubeIDE.app/Contents/Eclipse/plugins/com.st.stm32cube.ide.mcu.externaltools.gnu-tools-for-stm32.12.3.rel1.macos64_1.1.0.202410301201/tools/bin/../lib/gcc/arm-none-eabi/12.3.1/thumb/v7e-m+fp/hard/crtbegin.o
 .text          0x080001d8       0x10 /Applications/STM32CubeIDE.app/Contents/Eclipse/plugins/com.st.stm32cube.ide.mcu.externaltools.gnu-tools-for-stm32.12.3.rel1.macos64_1.1.0.202410301201/tools/bin/../lib/gcc/arm-none-eabi/12.3.1/../../../../arm-none-eabi/lib/thumb/v7e-m+fp/hard/libc_nano.a(libc_a-strlen.o)
                0x080001d8                strlen
 .text          0x080001e8       0x30 /Applications/STM32CubeIDE.app/Contents/Eclipse/plugins/com.st.stm32cube.ide.mcu.externaltools.gnu-tools-for-stm32.12.3.rel1.macos64_1.1.0.202410301201/tools/bin/../lib/gcc/arm-none-eabi/12.3.1/thumb/v7e-m+fp/hard/libgcc.a(_aeabi_uldivmod.o)
                0x080001e8                __aeabi_uldivmod
 .text          0x08000218      0x2bc /Applications/STM32CubeIDE.app/Contents/Eclipse/plugins/com.st.stm32cube.ide.mcu.externaltools.gnu-tools-for-stm32.12.3.rel1.macos64_1.1.0.202410301201/tools/bin/../lib/gcc/arm-none-eabi/12.3.1/thumb/v7e-m+fp/hard/libgcc.a(_udivmoddi4.o)
                0x08000218                __udivmoddi4
 .text          0x080004d4        0x4 /Applications/STM32CubeIDE.app/Contents/Eclipse/plugins/com.st.stm32cube.ide.mcu.externaltools.gnu-tools-for-stm32.12.3.rel1.macos64_1.1.0.202410301201/tools/bin/../lib/gcc/arm-none-eabi/12.3.1/thumb/v7e-m+fp/hard/libgcc.a(_dvmd_tls.o)
                0x080004d4                __aeabi_ldiv0
                0x080004d4                __aeabi_idiv0
 *(.text*)
 .text.app      0x080004d8      0x104 ./Core/Src/app.o
                0x080004d8                app
 .text.SELECT   0x080005dc       0x18 ./Core/Src/fatfs_sd.o
 .text.DESELECT
                0x080005f4       0x18 ./Core/Src/fatfs_sd.o
 .text.SPI_TxByte
                0x0800060c       0x34 ./Core/Src/fatfs_sd.o
 .text.SPI_RxByte
                0x08000640       0x3c ./Core/Src/fatfs_sd.o
 .text.SPI_RxBytePtr
                0x0800067c       0x1c ./Core/Src/fatfs_sd.o
 .text.SD_ReadyWait
                0x08000698       0x38 ./Core/Src/fatfs_sd.o
 .text.SD_PowerOn
                0x080006d0       0x98 ./Core/Src/fatfs_sd.o
 .text.SD_PowerOff
                0x08000768       0x18 ./Core/Src/fatfs_sd.o
 .text.SD_CheckPower
                0x08000780       0x18 ./Core/Src/fatfs_sd.o
 .text.SD_RxDataBlock
                0x08000798       0x6c ./Core/Src/fatfs_sd.o
 .text.SD_TxDataBlock
                0x08000804       0xa8 ./Core/Src/fatfs_sd.o
 .text.SD_SendCmd
                0x080008ac       0xa4 ./Core/Src/fatfs_sd.o
 .text.SD_disk_initialize
                0x08000950      0x1d4 ./Core/Src/fatfs_sd.o
                0x08000950                SD_disk_initialize
 .text.SD_disk_status
                0x08000b24       0x2c ./Core/Src/fatfs_sd.o
                0x08000b24                SD_disk_status
 .text.SD_disk_read
                0x08000b50       0xd4 ./Core/Src/fatfs_sd.o
                0x08000b50                SD_disk_read
 .text.SD_disk_write
                0x08000c24      0x108 ./Core/Src/fatfs_sd.o
                0x08000c24                SD_disk_write
 .text.SD_disk_ioctl
                0x08000d2c      0x260 ./Core/Src/fatfs_sd.o
                0x08000d2c                SD_disk_ioctl
 .text.main     0x08000f8c       0x24 ./Core/Src/main.o
                0x08000f8c                main
 .text.SystemClock_Config
                0x08000fb0       0xbc ./Core/Src/main.o
                0x08000fb0                SystemClock_Config
 .text.MX_SPI1_Init
                0x0800106c       0x6c ./Core/Src/main.o
 .text.MX_USART2_UART_Init
                0x080010d8       0x54 ./Core/Src/main.o
 .text.MX_GPIO_Init
                0x0800112c       0x64 ./Core/Src/main.o
 .text.Error_Handler
                0x08001190        0xc ./Core/Src/main.o
                0x08001190                Error_Handler
 .text.HAL_MspInit
                0x0800119c       0x50 ./Core/Src/stm32f4xx_hal_msp.o
                0x0800119c                HAL_MspInit
 .text.HAL_SPI_MspInit
                0x080011ec       0x90 ./Core/Src/stm32f4xx_hal_msp.o
                0x080011ec                HAL_SPI_MspInit
 .text.HAL_UART_MspInit
                0x0800127c       0xa0 ./Core/Src/stm32f4xx_hal_msp.o
                0x0800127c                HAL_UART_MspInit
 .text.NMI_Handler
                0x0800131c        0x8 ./Core/Src/stm32f4xx_it.o
                0x0800131c                NMI_Handler
 .text.HardFault_Handler
                0x08001324        0x8 ./Core/Src/stm32f4xx_it.o
                0x08001324                HardFault_Handler
 .text.MemManage_Handler
                0x0800132c        0x8 ./Core/Src/stm32f4xx_it.o
                0x0800132c                MemManage_Handler
 .text.BusFault_Handler
                0x08001334        0x8 ./Core/Src/stm32f4xx_it.o
                0x08001334                BusFault_Handler
 .text.UsageFault_Handler
                0x0800133c        0x8 ./Core/Src/stm32f4xx_it.o
                0x0800133c                UsageFault_Handler
 .text.SVC_Handler
                0x08001344        0xe ./Core/Src/stm32f4xx_it.o
                0x08001344                SVC_Handler
 .text.DebugMon_Handler
                0x08001352        0xe ./Core/Src/stm32f4xx_it.o
                0x08001352                DebugMon_Handler
 .text.PendSV_Handler
                0x08001360        0xe ./Core/Src/stm32f4xx_it.o
                0x08001360                PendSV_Handler
 .text.SysTick_Handler
                0x0800136e       0x10 ./Core/Src/stm32f4xx_it.o
                0x0800136e                SysTick_Handler
 *fill*         0x0800137e        0x2 
 .text.USART2_IRQHandler
                0x08001380       0x14 ./Core/Src/stm32f4xx_it.o
                0x08001380                USART2_IRQHandler
 .text._read    0x08001394       0x3a ./Core/Src/syscalls.o
                0x08001394                _read
 .text._close   0x080013ce       0x18 ./Core/Src/syscalls.o
                0x080013ce                _close
 .text._fstat   0x080013e6       0x20 ./Core/Src/syscalls.o
                0x080013e6                _fstat
 .text._isatty  0x08001406       0x16 ./Core/Src/syscalls.o
                0x08001406                _isatty
 .text._lseek   0x0800141c       0x1a ./Core/Src/syscalls.o
                0x0800141c                _lseek
 *fill*         0x08001436        0x2 
 .text._sbrk    0x08001438       0x6c ./Core/Src/sysmem.o
                0x08001438                _sbrk
 .text.SystemInit
                0x080014a4       0x24 ./Core/Src/system_stm32f4xx.o
                0x080014a4                SystemInit
 .text.SDTimer_Handler
                0x080014c8       0x48 ./Core/Src/timer.o
                0x080014c8                SDTimer_Handler
 .text.SystickCallback
                0x08001510       0x30 ./Core/Src/timer.o
                0x08001510                SystickCallback
 .text._write   0x08001540       0x2c ./Core/Src/uart.o
                0x08001540                _write
 .text.HAL_UART_RxCpltCallback
                0x0800156c       0x64 ./Core/Src/uart.o
                0x0800156c                HAL_UART_RxCpltCallback
 .text.initUart
                0x080015d0       0x2c ./Core/Src/uart.o
                0x080015d0                initUart
 .text.Reset_Handler
                0x080015fc       0x50 ./Core/Startup/startup_stm32f411retx.o
                0x080015fc                Reset_Handler
 .text.Default_Handler
                0x0800164c        0x2 ./Core/Startup/startup_stm32f411retx.o
                0x0800164c                DMA1_Stream3_IRQHandler
                0x0800164c                EXTI2_IRQHandler
                0x0800164c                SPI4_IRQHandler
                0x0800164c                TIM1_CC_IRQHandler
                0x0800164c                DMA2_Stream5_IRQHandler
                0x0800164c                DMA1_Stream5_IRQHandler
                0x0800164c                PVD_IRQHandler
                0x0800164c                SDIO_IRQHandler
                0x0800164c                TAMP_STAMP_IRQHandler
                0x0800164c                EXTI3_IRQHandler
                0x0800164c                TIM1_UP_TIM10_IRQHandler
                0x0800164c                I2C3_ER_IRQHandler
                0x0800164c                EXTI0_IRQHandler
                0x0800164c                I2C2_EV_IRQHandler
                0x0800164c                DMA1_Stream2_IRQHandler
                0x0800164c                FPU_IRQHandler
                0x0800164c                DMA2_Stream2_IRQHandler
                0x0800164c                SPI1_IRQHandler
                0x0800164c                TIM1_BRK_TIM9_IRQHandler
                0x0800164c                DMA2_Stream3_IRQHandler
                0x0800164c                USART6_IRQHandler
                0x0800164c                DMA2_Stream0_IRQHandler
                0x0800164c                TIM4_IRQHandler
                0x0800164c                I2C1_EV_IRQHandler
                0x0800164c                DMA1_Stream6_IRQHandler
                0x0800164c                DMA1_Stream1_IRQHandler
                0x0800164c                TIM3_IRQHandler
                0x0800164c                RCC_IRQHandler
                0x0800164c                Default_Handler
                0x0800164c                EXTI15_10_IRQHandler
                0x0800164c                ADC_IRQHandler
                0x0800164c                DMA1_Stream7_IRQHandler
                0x0800164c                SPI5_IRQHandler
                0x0800164c                TIM5_IRQHandler
                0x0800164c                DMA2_Stream7_IRQHandler
                0x0800164c                I2C3_EV_IRQHandler
                0x0800164c                EXTI9_5_IRQHandler
                0x0800164c                RTC_WKUP_IRQHandler
                0x0800164c                SPI2_IRQHandler
                0x0800164c                DMA1_Stream0_IRQHandler
                0x0800164c                EXTI4_IRQHandler
                0x0800164c                WWDG_IRQHandler
                0x0800164c                TIM2_IRQHandler
                0x0800164c                OTG_FS_WKUP_IRQHandler
                0x0800164c                TIM1_TRG_COM_TIM11_IRQHandler
                0x0800164c                EXTI1_IRQHandler
                0x0800164c                I2C2_ER_IRQHandler
                0x0800164c                DMA2_Stream1_IRQHandler
                0x0800164c                FLASH_IRQHandler
                0x0800164c                DMA2_Stream4_IRQHandler
                0x0800164c                USART1_IRQHandler
                0x0800164c                OTG_FS_IRQHandler
                0x0800164c                SPI3_IRQHandler
                0x0800164c                DMA1_Stream4_IRQHandler
                0x0800164c                I2C1_ER_IRQHandler
                0x0800164c                DMA2_Stream6_IRQHandler
                0x0800164c                RTC_Alarm_IRQHandler
 *fill*         0x0800164e        0x2 
 .text.HAL_Init
                0x08001650       0x44 ./Drivers/STM32F4xx_HAL_Driver/Src/stm32f4xx_hal.o
                0x08001650                HAL_Init
 .text.HAL_InitTick
                0x08001694       0x60 ./Drivers/STM32F4xx_HAL_Driver/Src/stm32f4xx_hal.o
                0x08001694                HAL_InitTick
 .text.HAL_IncTick
                0x080016f4       0x28 ./Drivers/STM32F4xx_HAL_Driver/Src/stm32f4xx_hal.o
                0x080016f4                HAL_IncTick
 .text.HAL_GetTick
                0x0800171c       0x18 ./Drivers/STM32F4xx_HAL_Driver/Src/stm32f4xx_hal.o
                0x0800171c                HAL_GetTick
 .text.__NVIC_SetPriorityGrouping
                0x08001734       0x48 ./Drivers/STM32F4xx_HAL_Driver/Src/stm32f4xx_hal_cortex.o
 .text.__NVIC_GetPriorityGrouping
                0x0800177c       0x1c ./Drivers/STM32F4xx_HAL_Driver/Src/stm32f4xx_hal_cortex.o
 .text.__NVIC_EnableIRQ
                0x08001798       0x3c ./Drivers/STM32F4xx_HAL_Driver/Src/stm32f4xx_hal_cortex.o
 .text.__NVIC_SetPriority
                0x080017d4       0x54 ./Drivers/STM32F4xx_HAL_Driver/Src/stm32f4xx_hal_cortex.o
 .text.NVIC_EncodePriority
                0x08001828       0x66 ./Drivers/STM32F4xx_HAL_Driver/Src/stm32f4xx_hal_cortex.o
 *fill*         0x0800188e        0x2 
 .text.SysTick_Config
                0x08001890       0x44 ./Drivers/STM32F4xx_HAL_Driver/Src/stm32f4xx_hal_cortex.o
 .text.HAL_NVIC_SetPriorityGrouping
                0x080018d4       0x16 ./Drivers/STM32F4xx_HAL_Driver/Src/stm32f4xx_hal_cortex.o
                0x080018d4                HAL_NVIC_SetPriorityGrouping
 .text.HAL_NVIC_SetPriority
                0x080018ea       0x38 ./Drivers/STM32F4xx_HAL_Driver/Src/stm32f4xx_hal_cortex.o
                0x080018ea                HAL_NVIC_SetPriority
 .text.HAL_NVIC_EnableIRQ
                0x08001922       0x1c ./Drivers/STM32F4xx_HAL_Driver/Src/stm32f4xx_hal_cortex.o
                0x08001922                HAL_NVIC_EnableIRQ
 .text.HAL_SYSTICK_Config
                0x0800193e       0x18 ./Drivers/STM32F4xx_HAL_Driver/Src/stm32f4xx_hal_cortex.o
                0x0800193e                HAL_SYSTICK_Config
 .text.HAL_DMA_Abort
                0x08001956       0xe0 ./Drivers/STM32F4xx_HAL_Driver/Src/stm32f4xx_hal_dma.o
                0x08001956                HAL_DMA_Abort
 .text.HAL_DMA_Abort_IT
                0x08001a36       0x44 ./Drivers/STM32F4xx_HAL_Driver/Src/stm32f4xx_hal_dma.o
                0x08001a36                HAL_DMA_Abort_IT
 *fill*         0x08001a7a        0x2 
 .text.HAL_GPIO_Init
                0x08001a7c      0x308 ./Drivers/STM32F4xx_HAL_Driver/Src/stm32f4xx_hal_gpio.o
                0x08001a7c                HAL_GPIO_Init
 .text.HAL_GPIO_WritePin
                0x08001d84       0x32 ./Drivers/STM32F4xx_HAL_Driver/Src/stm32f4xx_hal_gpio.o
                0x08001d84                HAL_GPIO_WritePin
 *fill*         0x08001db6        0x2 
 .text.HAL_RCC_OscConfig
                0x08001db8      0x4f0 ./Drivers/STM32F4xx_HAL_Driver/Src/stm32f4xx_hal_rcc.o
                0x08001db8                HAL_RCC_OscConfig
 .text.HAL_RCC_ClockConfig
                0x080022a8      0x1cc ./Drivers/STM32F4xx_HAL_Driver/Src/stm32f4xx_hal_rcc.o
                0x080022a8                HAL_RCC_ClockConfig
 .text.HAL_RCC_GetSysClockFreq
                0x08002474      0x18c ./Drivers/STM32F4xx_HAL_Driver/Src/stm32f4xx_hal_rcc.o
                0x08002474                HAL_RCC_GetSysClockFreq
 .text.HAL_RCC_GetHCLKFreq
                0x08002600       0x18 ./Drivers/STM32F4xx_HAL_Driver/Src/stm32f4xx_hal_rcc.o
                0x08002600                HAL_RCC_GetHCLKFreq
 .text.HAL_RCC_GetPCLK1Freq
                0x08002618       0x28 ./Drivers/STM32F4xx_HAL_Driver/Src/stm32f4xx_hal_rcc.o
                0x08002618                HAL_RCC_GetPCLK1Freq
 .text.HAL_RCC_GetPCLK2Freq
                0x08002640       0x28 ./Drivers/STM32F4xx_HAL_Driver/Src/stm32f4xx_hal_rcc.o
                0x08002640                HAL_RCC_GetPCLK2Freq
 .text.HAL_SPI_Init
                0x08002668      0x112 ./Drivers/STM32F4xx_HAL_Driver/Src/stm32f4xx_hal_spi.o
                0x08002668                HAL_SPI_Init
 .text.HAL_SPI_Transmit
                0x0800277a      0x288 ./Drivers/STM32F4xx_HAL_Driver/Src/stm32f4xx_hal_spi.o
                0x0800277a                HAL_SPI_Transmit
 .text.HAL_SPI_TransmitReceive
                0x08002a02      0x352 ./Drivers/STM32F4xx_HAL_Driver/Src/stm32f4xx_hal_spi.o
                0x08002a02                HAL_SPI_TransmitReceive
 .text.HAL_SPI_GetState
                0x08002d54       0x1c ./Drivers/STM32F4xx_HAL_Driver/Src/stm32f4xx_hal_spi.o
                0x08002d54                HAL_SPI_GetState
 .text.SPI_WaitFlagStateUntilTimeout
                0x08002d70      0x110 ./Drivers/STM32F4xx_HAL_Driver/Src/stm32f4xx_hal_spi.o
 .text.SPI_EndRxTxTransaction
                0x08002e80       0xa8 ./Drivers/STM32F4xx_HAL_Driver/Src/stm32f4xx_hal_spi.o
 .text.HAL_UART_Init
                0x08002f28       0xa0 ./Drivers/STM32F4xx_HAL_Driver/Src/stm32f4xx_hal_uart.o
                0x08002f28                HAL_UART_Init
 .text.HAL_UART_Transmit
                0x08002fc8      0x116 ./Drivers/STM32F4xx_HAL_Driver/Src/stm32f4xx_hal_uart.o
                0x08002fc8                HAL_UART_Transmit
 .text.HAL_UART_Receive_IT
                0x080030de       0x4a ./Drivers/STM32F4xx_HAL_Driver/Src/stm32f4xx_hal_uart.o
                0x080030de                HAL_UART_Receive_IT
 .text.HAL_UART_IRQHandler
                0x08003128      0x524 ./Drivers/STM32F4xx_HAL_Driver/Src/stm32f4xx_hal_uart.o
                0x08003128                HAL_UART_IRQHandler
 .text.HAL_UART_TxCpltCallback
                0x0800364c       0x14 ./Drivers/STM32F4xx_HAL_Driver/Src/stm32f4xx_hal_uart.o
                0x0800364c                HAL_UART_TxCpltCallback
 .text.HAL_UART_ErrorCallback
                0x08003660       0x14 ./Drivers/STM32F4xx_HAL_Driver/Src/stm32f4xx_hal_uart.o
                0x08003660                HAL_UART_ErrorCallback
 .text.HAL_UARTEx_RxEventCallback
                0x08003674       0x18 ./Drivers/STM32F4xx_HAL_Driver/Src/stm32f4xx_hal_uart.o
                0x08003674                HAL_UARTEx_RxEventCallback
 .text.UART_WaitOnFlagUntilTimeout
                0x0800368c       0xb2 ./Drivers/STM32F4xx_HAL_Driver/Src/stm32f4xx_hal_uart.o
 .text.UART_Start_Receive_IT
                0x0800373e       0x74 ./Drivers/STM32F4xx_HAL_Driver/Src/stm32f4xx_hal_uart.o
                0x0800373e                UART_Start_Receive_IT
 .text.UART_EndRxTransfer
                0x080037b2       0xc6 ./Drivers/STM32F4xx_HAL_Driver/Src/stm32f4xx_hal_uart.o
 .text.UART_DMAAbortOnError
                0x08003878       0x28 ./Drivers/STM32F4xx_HAL_Driver/Src/stm32f4xx_hal_uart.o
 .text.UART_Transmit_IT
                0x080038a0       0xa0 ./Drivers/STM32F4xx_HAL_Driver/Src/stm32f4xx_hal_uart.o
 .text.UART_EndTransmit_IT
                0x08003940       0x30 ./Drivers/STM32F4xx_HAL_Driver/Src/stm32f4xx_hal_uart.o
 .text.UART_Receive_IT
                0x08003970      0x17c ./Drivers/STM32F4xx_HAL_Driver/Src/stm32f4xx_hal_uart.o
 .text.UART_SetConfig
                0x08003aec      0x4e8 ./Drivers/STM32F4xx_HAL_Driver/Src/stm32f4xx_hal_uart.o
 .text.MX_FATFS_Init
                0x08003fd4       0x24 ./FATFS/App/fatfs.o
                0x08003fd4                MX_FATFS_Init
 .text.get_fattime
                0x08003ff8       0x10 ./FATFS/App/fatfs.o
                0x08003ff8                get_fattime
 .text.USER_initialize
                0x08004008       0x1e ./FATFS/Target/user_diskio.o
                0x08004008                USER_initialize
 .text.USER_status
                0x08004026       0x1e ./FATFS/Target/user_diskio.o
                0x08004026                USER_status
 .text.USER_read
                0x08004044       0x28 ./FATFS/Target/user_diskio.o
                0x08004044                USER_read
 .text.USER_write
                0x0800406c       0x28 ./FATFS/Target/user_diskio.o
                0x0800406c                USER_write
 .text.USER_ioctl
                0x08004094       0x28 ./FATFS/Target/user_diskio.o
                0x08004094                USER_ioctl
 .text.disk_status
                0x080040bc       0x34 ./Middlewares/Third_Party/FatFs/src/diskio.o
                0x080040bc                disk_status
 .text.disk_initialize
                0x080040f0       0x50 ./Middlewares/Third_Party/FatFs/src/diskio.o
                0x080040f0                disk_initialize
 .text.disk_read
                0x08004140       0x40 ./Middlewares/Third_Party/FatFs/src/diskio.o
                0x08004140                disk_read
 .text.disk_write
                0x08004180       0x40 ./Middlewares/Third_Party/FatFs/src/diskio.o
                0x08004180                disk_write
 .text.disk_ioctl
                0x080041c0       0x3c ./Middlewares/Third_Party/FatFs/src/diskio.o
                0x080041c0                disk_ioctl
 .text.ld_word  0x080041fc       0x30 ./Middlewares/Third_Party/FatFs/src/ff.o
 .text.ld_dword
                0x0800422c       0x46 ./Middlewares/Third_Party/FatFs/src/ff.o
 .text.st_word  0x08004272       0x36 ./Middlewares/Third_Party/FatFs/src/ff.o
 .text.st_dword
                0x080042a8       0x58 ./Middlewares/Third_Party/FatFs/src/ff.o
 .text.mem_cpy  0x08004300       0x42 ./Middlewares/Third_Party/FatFs/src/ff.o
 .text.mem_set  0x08004342       0x36 ./Middlewares/Third_Party/FatFs/src/ff.o
 .text.mem_cmp  0x08004378       0x4e ./Middlewares/Third_Party/FatFs/src/ff.o
 .text.chk_chr  0x080043c6       0x36 ./Middlewares/Third_Party/FatFs/src/ff.o
 .text.chk_lock
                0x080043fc       0xb8 ./Middlewares/Third_Party/FatFs/src/ff.o
 .text.enq_lock
                0x080044b4       0x44 ./Middlewares/Third_Party/FatFs/src/ff.o
 .text.inc_lock
                0x080044f8      0x11c ./Middlewares/Third_Party/FatFs/src/ff.o
 .text.dec_lock
                0x08004614       0x78 ./Middlewares/Third_Party/FatFs/src/ff.o
 .text.clear_lock
                0x0800468c       0x48 ./Middlewares/Third_Party/FatFs/src/ff.o
 .text.sync_window
                0x080046d4       0x88 ./Middlewares/Third_Party/FatFs/src/ff.o
 .text.move_window
                0x0800475c       0x5a ./Middlewares/Third_Party/FatFs/src/ff.o
 *fill*         0x080047b6        0x2 
 .text.sync_fs  0x080047b8       0xdc ./Middlewares/Third_Party/FatFs/src/ff.o
 .text.clust2sect
                0x08004894       0x3e ./Middlewares/Third_Party/FatFs/src/ff.o
 .text.get_fat  0x080048d2      0x14e ./Middlewares/Third_Party/FatFs/src/ff.o
 .text.put_fat  0x08004a20      0x1d4 ./Middlewares/Third_Party/FatFs/src/ff.o
 .text.remove_chain
                0x08004bf4       0xca ./Middlewares/Third_Party/FatFs/src/ff.o
 .text.create_chain
                0x08004cbe      0x130 ./Middlewares/Third_Party/FatFs/src/ff.o
 .text.clmt_clust
                0x08004dee       0x68 ./Middlewares/Third_Party/FatFs/src/ff.o
 .text.dir_sdi  0x08004e56       0xf6 ./Middlewares/Third_Party/FatFs/src/ff.o
 .text.dir_next
                0x08004f4c      0x18a ./Middlewares/Third_Party/FatFs/src/ff.o
 .text.dir_alloc
                0x080050d6       0x8e ./Middlewares/Third_Party/FatFs/src/ff.o
 .text.ld_clust
                0x08005164       0x3e ./Middlewares/Third_Party/FatFs/src/ff.o
 .text.st_clust
                0x080051a2       0x40 ./Middlewares/Third_Party/FatFs/src/ff.o
 .text.dir_find
                0x080051e2       0xaa ./Middlewares/Third_Party/FatFs/src/ff.o
 .text.dir_register
                0x0800528c       0x64 ./Middlewares/Third_Party/FatFs/src/ff.o
 .text.create_name
                0x080052f0      0x128 ./Middlewares/Third_Party/FatFs/src/ff.o
 .text.follow_path
                0x08005418       0xe2 ./Middlewares/Third_Party/FatFs/src/ff.o
 .text.get_ldnumber
                0x080054fa       0x88 ./Middlewares/Third_Party/FatFs/src/ff.o
 *fill*         0x08005582        0x2 
 .text.check_fs
                0x08005584       0xac ./Middlewares/Third_Party/FatFs/src/ff.o
 .text.find_volume
                0x08005630      0x498 ./Middlewares/Third_Party/FatFs/src/ff.o
 .text.validate
                0x08005ac8       0x6a ./Middlewares/Third_Party/FatFs/src/ff.o
 *fill*         0x08005b32        0x2 
 .text.f_mount  0x08005b34       0x8c ./Middlewares/Third_Party/FatFs/src/ff.o
                0x08005b34                f_mount
 .text.f_open   0x08005bc0      0x374 ./Middlewares/Third_Party/FatFs/src/ff.o
                0x08005bc0                f_open
 .text.f_read   0x08005f34      0x27e ./Middlewares/Third_Party/FatFs/src/ff.o
                0x08005f34                f_read
 .text.f_write  0x080061b2      0x2ea ./Middlewares/Third_Party/FatFs/src/ff.o
                0x080061b2                f_write
 .text.f_sync   0x0800649c       0xfc ./Middlewares/Third_Party/FatFs/src/ff.o
                0x0800649c                f_sync
 .text.f_close  0x08006598       0x54 ./Middlewares/Third_Party/FatFs/src/ff.o
                0x08006598                f_close
 .text.FATFS_LinkDriverEx
                0x080065ec       0x98 ./Middlewares/Third_Party/FatFs/src/ff_gen_drv.o
                0x080065ec                FATFS_LinkDriverEx
 .text.FATFS_LinkDriver
                0x08006684       0x1e ./Middlewares/Third_Party/FatFs/src/ff_gen_drv.o
                0x08006684                FATFS_LinkDriver
 *fill*         0x080066a2        0x2 
 .text.malloc   0x080066a4       0x10 /Applications/STM32CubeIDE.app/Contents/Eclipse/plugins/com.st.stm32cube.ide.mcu.externaltools.gnu-tools-for-stm32.12.3.rel1.macos64_1.1.0.202410301201/tools/bin/../lib/gcc/arm-none-eabi/12.3.1/../../../../arm-none-eabi/lib/thumb/v7e-m+fp/hard/libc_nano.a(libc_a-malloc.o)
                0x080066a4                malloc
 .text.sbrk_aligned
                0x080066b4       0x44 /Applications/STM32CubeIDE.app/Contents/Eclipse/plugins/com.st.stm32cube.ide.mcu.externaltools.gnu-tools-for-stm32.12.3.rel1.macos64_1.1.0.202410301201/tools/bin/../lib/gcc/arm-none-eabi/12.3.1/../../../../arm-none-eabi/lib/thumb/v7e-m+fp/hard/libc_nano.a(libc_a-mallocr.o)
 .text._malloc_r
                0x080066f8      0x100 /Applications/STM32CubeIDE.app/Contents/Eclipse/plugins/com.st.stm32cube.ide.mcu.externaltools.gnu-tools-for-stm32.12.3.rel1.macos64_1.1.0.202410301201/tools/bin/../lib/gcc/arm-none-eabi/12.3.1/../../../../arm-none-eabi/lib/thumb/v7e-m+fp/hard/libc_nano.a(libc_a-mallocr.o)
                0x080066f8                _malloc_r
 .text.__malloc_lock
                0x080067f8        0xc /Applications/STM32CubeIDE.app/Contents/Eclipse/plugins/com.st.stm32cube.ide.mcu.externaltools.gnu-tools-for-stm32.12.3.rel1.macos64_1.1.0.202410301201/tools/bin/../lib/gcc/arm-none-eabi/12.3.1/../../../../arm-none-eabi/lib/thumb/v7e-m+fp/hard/libc_nano.a(libc_a-mlock.o)
                0x080067f8                __malloc_lock
 .text.__malloc_unlock
                0x08006804        0xc /Applications/STM32CubeIDE.app/Contents/Eclipse/plugins/com.st.stm32cube.ide.mcu.externaltools.gnu-tools-for-stm32.12.3.rel1.macos64_1.1.0.202410301201/tools/bin/../lib/gcc/arm-none-eabi/12.3.1/../../../../arm-none-eabi/lib/thumb/v7e-m+fp/hard/libc_nano.a(libc_a-mlock.o)
                0x08006804                __malloc_unlock
 .text.std      0x08006810       0x6c /Applications/STM32CubeIDE.app/Contents/Eclipse/plugins/com.st.stm32cube.ide.mcu.externaltools.gnu-tools-for-stm32.12.3.rel1.macos64_1.1.0.202410301201/tools/bin/../lib/gcc/arm-none-eabi/12.3.1/../../../../arm-none-eabi/lib/thumb/v7e-m+fp/hard/libc_nano.a(libc_a-findfp.o)
 .text.stdio_exit_handler
                0x0800687c       0x18 /Applications/STM32CubeIDE.app/Contents/Eclipse/plugins/com.st.stm32cube.ide.mcu.externaltools.gnu-tools-for-stm32.12.3.rel1.macos64_1.1.0.202410301201/tools/bin/../lib/gcc/arm-none-eabi/12.3.1/../../../../arm-none-eabi/lib/thumb/v7e-m+fp/hard/libc_nano.a(libc_a-findfp.o)
 .text.cleanup_stdio
                0x08006894       0x40 /Applications/STM32CubeIDE.app/Contents/Eclipse/plugins/com.st.stm32cube.ide.mcu.externaltools.gnu-tools-for-stm32.12.3.rel1.macos64_1.1.0.202410301201/tools/bin/../lib/gcc/arm-none-eabi/12.3.1/../../../../arm-none-eabi/lib/thumb/v7e-m+fp/hard/libc_nano.a(libc_a-findfp.o)
 .text.global_stdio_init.part.0
                0x080068d4       0x3c /Applications/STM32CubeIDE.app/Contents/Eclipse/plugins/com.st.stm32cube.ide.mcu.externaltools.gnu-tools-for-stm32.12.3.rel1.macos64_1.1.0.202410301201/tools/bin/../lib/gcc/arm-none-eabi/12.3.1/../../../../arm-none-eabi/lib/thumb/v7e-m+fp/hard/libc_nano.a(libc_a-findfp.o)
 .text.__sfp_lock_acquire
                0x08006910        0xc /Applications/STM32CubeIDE.app/Contents/Eclipse/plugins/com.st.stm32cube.ide.mcu.externaltools.gnu-tools-for-stm32.12.3.rel1.macos64_1.1.0.202410301201/tools/bin/../lib/gcc/arm-none-eabi/12.3.1/../../../../arm-none-eabi/lib/thumb/v7e-m+fp/hard/libc_nano.a(libc_a-findfp.o)
                0x08006910                __sfp_lock_acquire
 .text.__sfp_lock_release
                0x0800691c        0xc /Applications/STM32CubeIDE.app/Contents/Eclipse/plugins/com.st.stm32cube.ide.mcu.externaltools.gnu-tools-for-stm32.12.3.rel1.macos64_1.1.0.202410301201/tools/bin/../lib/gcc/arm-none-eabi/12.3.1/../../../../arm-none-eabi/lib/thumb/v7e-m+fp/hard/libc_nano.a(libc_a-findfp.o)
                0x0800691c                __sfp_lock_release
 .text.__sinit  0x08006928       0x30 /Applications/STM32CubeIDE.app/Contents/Eclipse/plugins/com.st.stm32cube.ide.mcu.externaltools.gnu-tools-for-stm32.12.3.rel1.macos64_1.1.0.202410301201/tools/bin/../lib/gcc/arm-none-eabi/12.3.1/../../../../arm-none-eabi/lib/thumb/v7e-m+fp/hard/libc_nano.a(libc_a-findfp.o)
                0x08006928                __sinit
 .text._fwalk_sglue
                0x08006958       0x3c /Applications/STM32CubeIDE.app/Contents/Eclipse/plugins/com.st.stm32cube.ide.mcu.externaltools.gnu-tools-for-stm32.12.3.rel1.macos64_1.1.0.202410301201/tools/bin/../lib/gcc/arm-none-eabi/12.3.1/../../../../arm-none-eabi/lib/thumb/v7e-m+fp/hard/libc_nano.a(libc_a-fwalk.o)
                0x08006958                _fwalk_sglue
 .text._puts_r  0x08006994       0xaa /Applications/STM32CubeIDE.app/Contents/Eclipse/plugins/com.st.stm32cube.ide.mcu.externaltools.gnu-tools-for-stm32.12.3.rel1.macos64_1.1.0.202410301201/tools/bin/../lib/gcc/arm-none-eabi/12.3.1/../../../../arm-none-eabi/lib/thumb/v7e-m+fp/hard/libc_nano.a(libc_a-puts.o)
                0x08006994                _puts_r
 *fill*         0x08006a3e        0x2 
 .text.puts     0x08006a40       0x10 /Applications/STM32CubeIDE.app/Contents/Eclipse/plugins/com.st.stm32cube.ide.mcu.externaltools.gnu-tools-for-stm32.12.3.rel1.macos64_1.1.0.202410301201/tools/bin/../lib/gcc/arm-none-eabi/12.3.1/../../../../arm-none-eabi/lib/thumb/v7e-m+fp/hard/libc_nano.a(libc_a-puts.o)
                0x08006a40                puts
 .text.memset   0x08006a50       0x10 /Applications/STM32CubeIDE.app/Contents/Eclipse/plugins/com.st.stm32cube.ide.mcu.externaltools.gnu-tools-for-stm32.12.3.rel1.macos64_1.1.0.202410301201/tools/bin/../lib/gcc/arm-none-eabi/12.3.1/../../../../arm-none-eabi/lib/thumb/v7e-m+fp/hard/libc_nano.a(libc_a-memset.o)
                0x08006a50                memset
 .text._sbrk_r  0x08006a60       0x20 /Applications/STM32CubeIDE.app/Contents/Eclipse/plugins/com.st.stm32cube.ide.mcu.externaltools.gnu-tools-for-stm32.12.3.rel1.macos64_1.1.0.202410301201/tools/bin/../lib/gcc/arm-none-eabi/12.3.1/../../../../arm-none-eabi/lib/thumb/v7e-m+fp/hard/libc_nano.a(libc_a-sbrkr.o)
                0x08006a60                _sbrk_r
 .text.__errno  0x08006a80        0xc /Applications/STM32CubeIDE.app/Contents/Eclipse/plugins/com.st.stm32cube.ide.mcu.externaltools.gnu-tools-for-stm32.12.3.rel1.macos64_1.1.0.202410301201/tools/bin/../lib/gcc/arm-none-eabi/12.3.1/../../../../arm-none-eabi/lib/thumb/v7e-m+fp/hard/libc_nano.a(libc_a-errno.o)
                0x08006a80                __errno
 .text.__libc_init_array
                0x08006a8c       0x48 /Applications/STM32CubeIDE.app/Contents/Eclipse/plugins/com.st.stm32cube.ide.mcu.externaltools.gnu-tools-for-stm32.12.3.rel1.macos64_1.1.0.202410301201/tools/bin/../lib/gcc/arm-none-eabi/12.3.1/../../../../arm-none-eabi/lib/thumb/v7e-m+fp/hard/libc_nano.a(libc_a-init.o)
                0x08006a8c                __libc_init_array
 .text.__retarget_lock_init_recursive
                0x08006ad4        0x2 /Applications/STM32CubeIDE.app/Contents/Eclipse/plugins/com.st.stm32cube.ide.mcu.externaltools.gnu-tools-for-stm32.12.3.rel1.macos64_1.1.0.202410301201/tools/bin/../lib/gcc/arm-none-eabi/12.3.1/../../../../arm-none-eabi/lib/thumb/v7e-m+fp/hard/libc_nano.a(libc_a-lock.o)
                0x08006ad4                __retarget_lock_init_recursive
 .text.__retarget_lock_acquire_recursive
                0x08006ad6        0x2 /Applications/STM32CubeIDE.app/Contents/Eclipse/plugins/com.st.stm32cube.ide.mcu.externaltools.gnu-tools-for-stm32.12.3.rel1.macos64_1.1.0.202410301201/tools/bin/../lib/gcc/arm-none-eabi/12.3.1/../../../../arm-none-eabi/lib/thumb/v7e-m+fp/hard/libc_nano.a(libc_a-lock.o)
                0x08006ad6                __retarget_lock_acquire_recursive
 .text.__retarget_lock_release_recursive
                0x08006ad8        0x2 /Applications/STM32CubeIDE.app/Contents/Eclipse/plugins/com.st.stm32cube.ide.mcu.externaltools.gnu-tools-for-stm32.12.3.rel1.macos64_1.1.0.202410301201/tools/bin/../lib/gcc/arm-none-eabi/12.3.1/../../../../arm-none-eabi/lib/thumb/v7e-m+fp/hard/libc_nano.a(libc_a-lock.o)
                0x08006ad8                __retarget_lock_release_recursive
 *fill*         0x08006ada        0x2 
 .text._free_r  0x08006adc       0x94 /Applications/STM32CubeIDE.app/Contents/Eclipse/plugins/com.st.stm32cube.ide.mcu.externaltools.gnu-tools-for-stm32.12.3.rel1.macos64_1.1.0.202410301201/tools/bin/../lib/gcc/arm-none-eabi/12.3.1/../../../../arm-none-eabi/lib/thumb/v7e-m+fp/hard/libc_nano.a(libc_a-freer.o)
                0x08006adc                _free_r
 .text.__sflush_r
                0x08006b70      0x108 /Applications/STM32CubeIDE.app/Contents/Eclipse/plugins/com.st.stm32cube.ide.mcu.externaltools.gnu-tools-for-stm32.12.3.rel1.macos64_1.1.0.202410301201/tools/bin/../lib/gcc/arm-none-eabi/12.3.1/../../../../arm-none-eabi/lib/thumb/v7e-m+fp/hard/libc_nano.a(libc_a-fflush.o)
                0x08006b70                __sflush_r
 .text._fflush_r
                0x08006c78       0x50 /Applications/STM32CubeIDE.app/Contents/Eclipse/plugins/com.st.stm32cube.ide.mcu.externaltools.gnu-tools-for-stm32.12.3.rel1.macos64_1.1.0.202410301201/tools/bin/../lib/gcc/arm-none-eabi/12.3.1/../../../../arm-none-eabi/lib/thumb/v7e-m+fp/hard/libc_nano.a(libc_a-fflush.o)
                0x08006c78                _fflush_r
 .text.__sread  0x08006cc8       0x22 /Applications/STM32CubeIDE.app/Contents/Eclipse/plugins/com.st.stm32cube.ide.mcu.externaltools.gnu-tools-for-stm32.12.3.rel1.macos64_1.1.0.202410301201/tools/bin/../lib/gcc/arm-none-eabi/12.3.1/../../../../arm-none-eabi/lib/thumb/v7e-m+fp/hard/libc_nano.a(libc_a-stdio.o)
                0x08006cc8                __sread
 .text.__swrite
                0x08006cea       0x38 /Applications/STM32CubeIDE.app/Contents/Eclipse/plugins/com.st.stm32cube.ide.mcu.externaltools.gnu-tools-for-stm32.12.3.rel1.macos64_1.1.0.202410301201/tools/bin/../lib/gcc/arm-none-eabi/12.3.1/../../../../arm-none-eabi/lib/thumb/v7e-m+fp/hard/libc_nano.a(libc_a-stdio.o)
                0x08006cea                __swrite
 .text.__sseek  0x08006d22       0x24 /Applications/STM32CubeIDE.app/Contents/Eclipse/plugins/com.st.stm32cube.ide.mcu.externaltools.gnu-tools-for-stm32.12.3.rel1.macos64_1.1.0.202410301201/tools/bin/../lib/gcc/arm-none-eabi/12.3.1/../../../../arm-none-eabi/lib/thumb/v7e-m+fp/hard/libc_nano.a(libc_a-stdio.o)
                0x08006d22                __sseek
 .text.__sclose
                0x08006d46        0x8 /Applications/STM32CubeIDE.app/Contents/Eclipse/plugins/com.st.stm32cube.ide.mcu.externaltools.gnu-tools-for-stm32.12.3.rel1.macos64_1.1.0.202410301201/tools/bin/../lib/gcc/arm-none-eabi/12.3.1/../../../../arm-none-eabi/lib/thumb/v7e-m+fp/hard/libc_nano.a(libc_a-stdio.o)
                0x08006d46                __sclose
 .text.__swbuf_r
                0x08006d4e       0x7c /Applications/STM32CubeIDE.app/Contents/Eclipse/plugins/com.st.stm32cube.ide.mcu.externaltools.gnu-tools-for-stm32.12.3.rel1.macos64_1.1.0.202410301201/tools/bin/../lib/gcc/arm-none-eabi/12.3.1/../../../../arm-none-eabi/lib/thumb/v7e-m+fp/hard/libc_nano.a(libc_a-wbuf.o)
                0x08006d4e                __swbuf_r
 *fill*         0x08006dca        0x2 
 .text.__swsetup_r
                0x08006dcc       0xac /Applications/STM32CubeIDE.app/Contents/Eclipse/plugins/com.st.stm32cube.ide.mcu.externaltools.gnu-tools-for-stm32.12.3.rel1.macos64_1.1.0.202410301201/tools/bin/../lib/gcc/arm-none-eabi/12.3.1/../../../../arm-none-eabi/lib/thumb/v7e-m+fp/hard/libc_nano.a(libc_a-wsetup.o)
                0x08006dcc                __swsetup_r
 .text.__swhatbuf_r
                0x08006e78       0x4c /Applications/STM32CubeIDE.app/Contents/Eclipse/plugins/com.st.stm32cube.ide.mcu.externaltools.gnu-tools-for-stm32.12.3.rel1.macos64_1.1.0.202410301201/tools/bin/../lib/gcc/arm-none-eabi/12.3.1/../../../../arm-none-eabi/lib/thumb/v7e-m+fp/hard/libc_nano.a(libc_a-makebuf.o)
                0x08006e78                __swhatbuf_r
 .text.__smakebuf_r
                0x08006ec4       0x78 /Applications/STM32CubeIDE.app/Contents/Eclipse/plugins/com.st.stm32cube.ide.mcu.externaltools.gnu-tools-for-stm32.12.3.rel1.macos64_1.1.0.202410301201/tools/bin/../lib/gcc/arm-none-eabi/12.3.1/../../../../arm-none-eabi/lib/thumb/v7e-m+fp/hard/libc_nano.a(libc_a-makebuf.o)
                0x08006ec4                __smakebuf_r
 .text._close_r
                0x08006f3c       0x20 /Applications/STM32CubeIDE.app/Contents/Eclipse/plugins/com.st.stm32cube.ide.mcu.externaltools.gnu-tools-for-stm32.12.3.rel1.macos64_1.1.0.202410301201/tools/bin/../lib/gcc/arm-none-eabi/12.3.1/../../../../arm-none-eabi/lib/thumb/v7e-m+fp/hard/libc_nano.a(libc_a-closer.o)
                0x08006f3c                _close_r
 .text._fstat_r
                0x08006f5c       0x24 /Applications/STM32CubeIDE.app/Contents/Eclipse/plugins/com.st.stm32cube.ide.mcu.externaltools.gnu-tools-for-stm32.12.3.rel1.macos64_1.1.0.202410301201/tools/bin/../lib/gcc/arm-none-eabi/12.3.1/../../../../arm-none-eabi/lib/thumb/v7e-m+fp/hard/libc_nano.a(libc_a-fstatr.o)
                0x08006f5c                _fstat_r
 .text._isatty_r
                0x08006f80       0x20 /Applications/STM32CubeIDE.app/Contents/Eclipse/plugins/com.st.stm32cube.ide.mcu.externaltools.gnu-tools-for-stm32.12.3.rel1.macos64_1.1.0.202410301201/tools/bin/../lib/gcc/arm-none-eabi/12.3.1/../../../../arm-none-eabi/lib/thumb/v7e-m+fp/hard/libc_nano.a(libc_a-isattyr.o)
                0x08006f80                _isatty_r
 .text._lseek_r
                0x08006fa0       0x24 /Applications/STM32CubeIDE.app/Contents/Eclipse/plugins/com.st.stm32cube.ide.mcu.externaltools.gnu-tools-for-stm32.12.3.rel1.macos64_1.1.0.202410301201/tools/bin/../lib/gcc/arm-none-eabi/12.3.1/../../../../arm-none-eabi/lib/thumb/v7e-m+fp/hard/libc_nano.a(libc_a-lseekr.o)
                0x08006fa0                _lseek_r
 .text._read_r  0x08006fc4       0x24 /Applications/STM32CubeIDE.app/Contents/Eclipse/plugins/com.st.stm32cube.ide.mcu.externaltools.gnu-tools-for-stm32.12.3.rel1.macos64_1.1.0.202410301201/tools/bin/../lib/gcc/arm-none-eabi/12.3.1/../../../../arm-none-eabi/lib/thumb/v7e-m+fp/hard/libc_nano.a(libc_a-readr.o)
                0x08006fc4                _read_r
 .text._write_r
                0x08006fe8       0x24 /Applications/STM32CubeIDE.app/Contents/Eclipse/plugins/com.st.stm32cube.ide.mcu.externaltools.gnu-tools-for-stm32.12.3.rel1.macos64_1.1.0.202410301201/tools/bin/../lib/gcc/arm-none-eabi/12.3.1/../../../../arm-none-eabi/lib/thumb/v7e-m+fp/hard/libc_nano.a(libc_a-writer.o)
                0x08006fe8                _write_r
 *(.glue_7)
 .glue_7        0x0800700c        0x0 linker stubs
 *(.glue_7t)
 .glue_7t       0x0800700c        0x0 linker stubs
 *(.eh_frame)
 .eh_frame      0x0800700c        0x0 /Applications/STM32CubeIDE.app/Contents/Eclipse/plugins/com.st.stm32cube.ide.mcu.externaltools.gnu-tools-for-stm32.12.3.rel1.macos64_1.1.0.202410301201/tools/bin/../lib/gcc/arm-none-eabi/12.3.1/thumb/v7e-m+fp/hard/crtbegin.o
 *(.init)
 .init          0x0800700c        0x4 /Applications/STM32CubeIDE.app/Contents/Eclipse/plugins/com.st.stm32cube.ide.mcu.externaltools.gnu-tools-for-stm32.12.3.rel1.macos64_1.1.0.202410301201/tools/bin/../lib/gcc/arm-none-eabi/12.3.1/thumb/v7e-m+fp/hard/crti.o
                0x0800700c                _init
 .init          0x08007010        0x8 /Applications/STM32CubeIDE.app/Contents/Eclipse/plugins/com.st.stm32cube.ide.mcu.externaltools.gnu-tools-for-stm32.12.3.rel1.macos64_1.1.0.202410301201/tools/bin/../lib/gcc/arm-none-eabi/12.3.1/thumb/v7e-m+fp/hard/crtn.o
 *(.fini)
 .fini          0x08007018        0x4 /Applications/STM32CubeIDE.app/Contents/Eclipse/plugins/com.st.stm32cube.ide.mcu.externaltools.gnu-tools-for-stm32.12.3.rel1.macos64_1.1.0.202410301201/tools/bin/../lib/gcc/arm-none-eabi/12.3.1/thumb/v7e-m+fp/hard/crti.o
                0x08007018                _fini
 .fini          0x0800701c        0x8 /Applications/STM32CubeIDE.app/Contents/Eclipse/plugins/com.st.stm32cube.ide.mcu.externaltools.gnu-tools-for-stm32.12.3.rel1.macos64_1.1.0.202410301201/tools/bin/../lib/gcc/arm-none-eabi/12.3.1/thumb/v7e-m+fp/hard/crtn.o
                0x08007024                        . = ALIGN (0x4)
                0x08007024                        _etext = .

.vfp11_veneer   0x08007024        0x0
 .vfp11_veneer  0x08007024        0x0 linker stubs

.v4_bx          0x08007024        0x0
 .v4_bx         0x08007024        0x0 linker stubs

.iplt           0x08007024        0x0
 .iplt          0x08007024        0x0 /Applications/STM32CubeIDE.app/Contents/Eclipse/plugins/com.st.stm32cube.ide.mcu.externaltools.gnu-tools-for-stm32.12.3.rel1.macos64_1.1.0.202410301201/tools/bin/../lib/gcc/arm-none-eabi/12.3.1/thumb/v7e-m+fp/hard/crtbegin.o

.rodata         0x08007024      0x144
                0x08007024                        . = ALIGN (0x4)
 *(.rodata)
 .rodata        0x08007024       0x67 ./Core/Src/app.o
 *fill*         0x0800708b        0x1 
 .rodata        0x0800708c       0x44 ./Middlewares/Third_Party/FatFs/src/ff.o
 *(.rodata*)
 .rodata.AHBPrescTable
                0x080070d0       0x10 ./Core/Src/system_stm32f4xx.o
                0x080070d0                AHBPrescTable
 .rodata.APBPrescTable
                0x080070e0        0x8 ./Core/Src/system_stm32f4xx.o
                0x080070e0                APBPrescTable
 .rodata.ExCvt  0x080070e8       0x80 ./Middlewares/Third_Party/FatFs/src/ff.o
                0x08007168                        . = ALIGN (0x4)

.ARM.extab      0x08007168        0x0
                0x08007168                        . = ALIGN (0x4)
 *(.ARM.extab* .gnu.linkonce.armextab.*)
                0x08007168                        . = ALIGN (0x4)

.ARM            0x08007168        0x8
                0x08007168                        . = ALIGN (0x4)
                0x08007168                        __exidx_start = .
 *(.ARM.exidx*)
 .ARM.exidx     0x08007168        0x8 /Applications/STM32CubeIDE.app/Contents/Eclipse/plugins/com.st.stm32cube.ide.mcu.externaltools.gnu-tools-for-stm32.12.3.rel1.macos64_1.1.0.202410301201/tools/bin/../lib/gcc/arm-none-eabi/12.3.1/../../../../arm-none-eabi/lib/thumb/v7e-m+fp/hard/libc_nano.a(libc_a-strlen.o)
 .ARM.exidx     0x08007170        0x0 /Applications/STM32CubeIDE.app/Contents/Eclipse/plugins/com.st.stm32cube.ide.mcu.externaltools.gnu-tools-for-stm32.12.3.rel1.macos64_1.1.0.202410301201/tools/bin/../lib/gcc/arm-none-eabi/12.3.1/thumb/v7e-m+fp/hard/libgcc.a(_udivmoddi4.o)
                                  0x8 (size before relaxing)
                0x08007170                        __exidx_end = .
                0x08007170                        . = ALIGN (0x4)

.preinit_array  0x08007170        0x0
                0x08007170                        . = ALIGN (0x4)
                0x08007170                        PROVIDE (__preinit_array_start = .)
 *(.preinit_array*)
                0x08007170                        PROVIDE (__preinit_array_end = .)
                0x08007170                        . = ALIGN (0x4)

.init_array     0x08007170        0x4
                0x08007170                        . = ALIGN (0x4)
                0x08007170                        PROVIDE (__init_array_start = .)
 *(SORT_BY_NAME(.init_array.*))
 *(.init_array*)
 .init_array    0x08007170        0x4 /Applications/STM32CubeIDE.app/Contents/Eclipse/plugins/com.st.stm32cube.ide.mcu.externaltools.gnu-tools-for-stm32.12.3.rel1.macos64_1.1.0.202410301201/tools/bin/../lib/gcc/arm-none-eabi/12.3.1/thumb/v7e-m+fp/hard/crtbegin.o
                0x08007174                        PROVIDE (__init_array_end = .)
                0x08007174                        . = ALIGN (0x4)

.fini_array     0x08007174        0x4
                0x08007174                        . = ALIGN (0x4)
                [!provide]                        PROVIDE (__fini_array_start = .)
 *(SORT_BY_NAME(.fini_array.*))
 *(.fini_array*)
 .fini_array    0x08007174        0x4 /Applications/STM32CubeIDE.app/Contents/Eclipse/plugins/com.st.stm32cube.ide.mcu.externaltools.gnu-tools-for-stm32.12.3.rel1.macos64_1.1.0.202410301201/tools/bin/../lib/gcc/arm-none-eabi/12.3.1/thumb/v7e-m+fp/hard/crtbegin.o
                [!provide]                        PROVIDE (__fini_array_end = .)
                0x08007178                        . = ALIGN (0x4)
                0x08007178                        _sidata = LOADADDR (.data)

.rel.dyn        0x08007178        0x0
 .rel.iplt      0x08007178        0x0 /Applications/STM32CubeIDE.app/Contents/Eclipse/plugins/com.st.stm32cube.ide.mcu.externaltools.gnu-tools-for-stm32.12.3.rel1.macos64_1.1.0.202410301201/tools/bin/../lib/gcc/arm-none-eabi/12.3.1/thumb/v7e-m+fp/hard/crtbegin.o

.data           0x20000000       0x80 load address 0x08007178
                0x20000000                        . = ALIGN (0x4)
                0x20000000                        _sdata = .
 *(.data)
 *(.data*)
 .data.Stat     0x20000000        0x1 ./Core/Src/fatfs_sd.o
 *fill*         0x20000001        0x3 
 .data.SystemCoreClock
                0x20000004        0x4 ./Core/Src/system_stm32f4xx.o
                0x20000004                SystemCoreClock
 .data.uwTickPrio
                0x20000008        0x4 ./Drivers/STM32F4xx_HAL_Driver/Src/stm32f4xx_hal.o
                0x20000008                uwTickPrio
 .data.uwTickFreq
                0x2000000c        0x1 ./Drivers/STM32F4xx_HAL_Driver/Src/stm32f4xx_hal.o
                0x2000000c                uwTickFreq
 *fill*         0x2000000d        0x3 
 .data.USER_Driver
                0x20000010       0x14 ./FATFS/Target/user_diskio.o
                0x20000010                USER_Driver
 .data.__sglue  0x20000024        0xc /Applications/STM32CubeIDE.app/Contents/Eclipse/plugins/com.st.stm32cube.ide.mcu.externaltools.gnu-tools-for-stm32.12.3.rel1.macos64_1.1.0.202410301201/tools/bin/../lib/gcc/arm-none-eabi/12.3.1/../../../../arm-none-eabi/lib/thumb/v7e-m+fp/hard/libc_nano.a(libc_a-findfp.o)
                0x20000024                __sglue
 .data._impure_ptr
                0x20000030        0x4 /Applications/STM32CubeIDE.app/Contents/Eclipse/plugins/com.st.stm32cube.ide.mcu.externaltools.gnu-tools-for-stm32.12.3.rel1.macos64_1.1.0.202410301201/tools/bin/../lib/gcc/arm-none-eabi/12.3.1/../../../../arm-none-eabi/lib/thumb/v7e-m+fp/hard/libc_nano.a(libc_a-impure.o)
                0x20000030                _impure_ptr
 .data._impure_data
                0x20000034       0x4c /Applications/STM32CubeIDE.app/Contents/Eclipse/plugins/com.st.stm32cube.ide.mcu.externaltools.gnu-tools-for-stm32.12.3.rel1.macos64_1.1.0.202410301201/tools/bin/../lib/gcc/arm-none-eabi/12.3.1/../../../../arm-none-eabi/lib/thumb/v7e-m+fp/hard/libc_nano.a(libc_a-impure.o)
                0x20000034                _impure_data
 *(.RamFunc)
 *(.RamFunc*)
                0x20000080                        . = ALIGN (0x4)
                0x20000080                        _edata = .

.igot.plt       0x20000080        0x0 load address 0x080071f8
 .igot.plt      0x20000080        0x0 /Applications/STM32CubeIDE.app/Contents/Eclipse/plugins/com.st.stm32cube.ide.mcu.externaltools.gnu-tools-for-stm32.12.3.rel1.macos64_1.1.0.202410301201/tools/bin/../lib/gcc/arm-none-eabi/12.3.1/thumb/v7e-m+fp/hard/crtbegin.o
                0x20000080                        . = ALIGN (0x4)

.bss            0x20000080      0x2c4 load address 0x080071f8
                0x20000080                        _sbss = .
                0x20000080                        __bss_start__ = _sbss
 *(.bss)
 .bss           0x20000080       0x1c /Applications/STM32CubeIDE.app/Contents/Eclipse/plugins/com.st.stm32cube.ide.mcu.externaltools.gnu-tools-for-stm32.12.3.rel1.macos64_1.1.0.202410301201/tools/bin/../lib/gcc/arm-none-eabi/12.3.1/thumb/v7e-m+fp/hard/crtbegin.o
 *(.bss*)
 .bss.CardType  0x2000009c        0x1 ./Core/Src/fatfs_sd.o
 .bss.PowerFlag
                0x2000009d        0x1 ./Core/Src/fatfs_sd.o
 *fill*         0x2000009e        0x2 
 .bss.hspi1     0x200000a0       0x58 ./Core/Src/main.o
                0x200000a0                hspi1
 .bss.huart2    0x200000f8       0x48 ./Core/Src/main.o
                0x200000f8                huart2
 .bss.__sbrk_heap_end
                0x20000140        0x4 ./Core/Src/sysmem.o
 .bss.FatFsCnt  0x20000144        0x1 ./Core/Src/timer.o
                0x20000144                FatFsCnt
 .bss.Timer1    0x20000145        0x1 ./Core/Src/timer.o
                0x20000145                Timer1
 .bss.Timer2    0x20000146        0x1 ./Core/Src/timer.o
                0x20000146                Timer2
 *fill*         0x20000147        0x1 
 .bss.myHuart   0x20000148        0x4 ./Core/Src/uart.o
                0x20000148                myHuart
 .bss.rxChar    0x2000014c        0x1 ./Core/Src/uart.o
                0x2000014c                rxChar
 *fill*         0x2000014d        0x3 
 .bss.rxBuffer  0x20000150       0x64 ./Core/Src/uart.o
                0x20000150                rxBuffer
 .bss.rxBufferWriteIndex
                0x200001b4        0x1 ./Core/Src/uart.o
                0x200001b4                rxBufferWriteIndex
 *fill*         0x200001b5        0x3 
 .bss.uwTick    0x200001b8        0x4 ./Drivers/STM32F4xx_HAL_Driver/Src/stm32f4xx_hal.o
                0x200001b8                uwTick
 .bss.retUSER   0x200001bc        0x1 ./FATFS/App/fatfs.o
                0x200001bc                retUSER
 *fill*         0x200001bd        0x3 
 .bss.USERPath  0x200001c0        0x4 ./FATFS/App/fatfs.o
                0x200001c0                USERPath
 .bss.FatFs     0x200001c4        0x4 ./Middlewares/Third_Party/FatFs/src/ff.o
 .bss.Fsid      0x200001c8        0x2 ./Middlewares/Third_Party/FatFs/src/ff.o
 *fill*         0x200001ca        0x2 
 .bss.Files     0x200001cc       0x20 ./Middlewares/Third_Party/FatFs/src/ff.o
 .bss.disk      0x200001ec        0xc ./Middlewares/Third_Party/FatFs/src/ff_gen_drv.o
                0x200001ec                disk
 .bss.__malloc_sbrk_start
                0x200001f8        0x4 /Applications/STM32CubeIDE.app/Contents/Eclipse/plugins/com.st.stm32cube.ide.mcu.externaltools.gnu-tools-for-stm32.12.3.rel1.macos64_1.1.0.202410301201/tools/bin/../lib/gcc/arm-none-eabi/12.3.1/../../../../arm-none-eabi/lib/thumb/v7e-m+fp/hard/libc_nano.a(libc_a-mallocr.o)
                0x200001f8                __malloc_sbrk_start
 .bss.__malloc_free_list
                0x200001fc        0x4 /Applications/STM32CubeIDE.app/Contents/Eclipse/plugins/com.st.stm32cube.ide.mcu.externaltools.gnu-tools-for-stm32.12.3.rel1.macos64_1.1.0.202410301201/tools/bin/../lib/gcc/arm-none-eabi/12.3.1/../../../../arm-none-eabi/lib/thumb/v7e-m+fp/hard/libc_nano.a(libc_a-mallocr.o)
                0x200001fc                __malloc_free_list
 .bss.__sf      0x20000200      0x138 /Applications/STM32CubeIDE.app/Contents/Eclipse/plugins/com.st.stm32cube.ide.mcu.externaltools.gnu-tools-for-stm32.12.3.rel1.macos64_1.1.0.202410301201/tools/bin/../lib/gcc/arm-none-eabi/12.3.1/../../../../arm-none-eabi/lib/thumb/v7e-m+fp/hard/libc_nano.a(libc_a-findfp.o)
                0x20000200                __sf
 .bss.__stdio_exit_handler
                0x20000338        0x4 /Applications/STM32CubeIDE.app/Contents/Eclipse/plugins/com.st.stm32cube.ide.mcu.externaltools.gnu-tools-for-stm32.12.3.rel1.macos64_1.1.0.202410301201/tools/bin/../lib/gcc/arm-none-eabi/12.3.1/../../../../arm-none-eabi/lib/thumb/v7e-m+fp/hard/libc_nano.a(libc_a-findfp.o)
                0x20000338                __stdio_exit_handler
 .bss.__lock___malloc_recursive_mutex
                0x2000033c        0x1 /Applications/STM32CubeIDE.app/Contents/Eclipse/plugins/com.st.stm32cube.ide.mcu.externaltools.gnu-tools-for-stm32.12.3.rel1.macos64_1.1.0.202410301201/tools/bin/../lib/gcc/arm-none-eabi/12.3.1/../../../../arm-none-eabi/lib/thumb/v7e-m+fp/hard/libc_nano.a(libc_a-lock.o)
                0x2000033c                __lock___malloc_recursive_mutex
 .bss.__lock___sfp_recursive_mutex
                0x2000033d        0x1 /Applications/STM32CubeIDE.app/Contents/Eclipse/plugins/com.st.stm32cube.ide.mcu.externaltools.gnu-tools-for-stm32.12.3.rel1.macos64_1.1.0.202410301201/tools/bin/../lib/gcc/arm-none-eabi/12.3.1/../../../../arm-none-eabi/lib/thumb/v7e-m+fp/hard/libc_nano.a(libc_a-lock.o)
                0x2000033d                __lock___sfp_recursive_mutex
 *fill*         0x2000033e        0x2 
 .bss.errno     0x20000340        0x4 /Applications/STM32CubeIDE.app/Contents/Eclipse/plugins/com.st.stm32cube.ide.mcu.externaltools.gnu-tools-for-stm32.12.3.rel1.macos64_1.1.0.202410301201/tools/bin/../lib/gcc/arm-none-eabi/12.3.1/../../../../arm-none-eabi/lib/thumb/v7e-m+fp/hard/libc_nano.a(libc_a-reent.o)
                0x20000340                errno
 *(COMMON)
                0x20000344                        . = ALIGN (0x4)
                0x20000344                        _ebss = .
                0x20000344                        __bss_end__ = _ebss

._user_heap_stack
                0x20000344      0x604 load address 0x080071f8
                0x20000348                        . = ALIGN (0x8)
 *fill*         0x20000344        0x4 
                [!provide]                        PROVIDE (end = .)
                0x20000348                        PROVIDE (_end = .)
                0x20000548                        . = (. + _Min_Heap_Size)
 *fill*         0x20000348      0x200 
                0x20000948                        . = (. + _Min_Stack_Size)
 *fill*         0x20000548      0x400 
                0x20000948                        . = ALIGN (0x8)

/DISCARD/
 libc.a(*)
 libm.a(*)
 libgcc.a(*)

.ARM.attributes
                0x00000000       0x30
 *(.ARM.attributes)
 .ARM.attributes
                0x00000000       0x22 /Applications/STM32CubeIDE.app/Contents/Eclipse/plugins/com.st.stm32cube.ide.mcu.externaltools.gnu-tools-for-stm32.12.3.rel1.macos64_1.1.0.202410301201/tools/bin/../lib/gcc/arm-none-eabi/12.3.1/thumb/v7e-m+fp/hard/crti.o
 .ARM.attributes
                0x00000022       0x34 /Applications/STM32CubeIDE.app/Contents/Eclipse/plugins/com.st.stm32cube.ide.mcu.externaltools.gnu-tools-for-stm32.12.3.rel1.macos64_1.1.0.202410301201/tools/bin/../lib/gcc/arm-none-eabi/12.3.1/thumb/v7e-m+fp/hard/crtbegin.o
 .ARM.attributes
                0x00000056       0x34 ./Core/Src/app.o
 .ARM.attributes
                0x0000008a       0x34 ./Core/Src/fatfs_sd.o
 .ARM.attributes
                0x000000be       0x34 ./Core/Src/main.o
 .ARM.attributes
                0x000000f2       0x34 ./Core/Src/stm32f4xx_hal_msp.o
 .ARM.attributes
                0x00000126       0x34 ./Core/Src/stm32f4xx_it.o
 .ARM.attributes
                0x0000015a       0x34 ./Core/Src/syscalls.o
 .ARM.attributes
                0x0000018e       0x34 ./Core/Src/sysmem.o
 .ARM.attributes
                0x000001c2       0x34 ./Core/Src/system_stm32f4xx.o
 .ARM.attributes
                0x000001f6       0x34 ./Core/Src/timer.o
 .ARM.attributes
                0x0000022a       0x34 ./Core/Src/uart.o
 .ARM.attributes
                0x0000025e       0x21 ./Core/Startup/startup_stm32f411retx.o
 .ARM.attributes
                0x0000027f       0x34 ./Drivers/STM32F4xx_HAL_Driver/Src/stm32f4xx_hal.o
 .ARM.attributes
                0x000002b3       0x34 ./Drivers/STM32F4xx_HAL_Driver/Src/stm32f4xx_hal_cortex.o
 .ARM.attributes
                0x000002e7       0x34 ./Drivers/STM32F4xx_HAL_Driver/Src/stm32f4xx_hal_dma.o
 .ARM.attributes
                0x0000031b       0x34 ./Drivers/STM32F4xx_HAL_Driver/Src/stm32f4xx_hal_gpio.o
 .ARM.attributes
                0x0000034f       0x34 ./Drivers/STM32F4xx_HAL_Driver/Src/stm32f4xx_hal_rcc.o
 .ARM.attributes
                0x00000383       0x34 ./Drivers/STM32F4xx_HAL_Driver/Src/stm32f4xx_hal_spi.o
 .ARM.attributes
                0x000003b7       0x34 ./Drivers/STM32F4xx_HAL_Driver/Src/stm32f4xx_hal_uart.o
 .ARM.attributes
                0x000003eb       0x34 ./FATFS/App/fatfs.o
 .ARM.attributes
                0x0000041f       0x34 ./FATFS/Target/user_diskio.o
 .ARM.attributes
                0x00000453       0x34 ./Middlewares/Third_Party/FatFs/src/diskio.o
 .ARM.attributes
                0x00000487       0x34 ./Middlewares/Third_Party/FatFs/src/ff.o
 .ARM.attributes
                0x000004bb       0x34 ./Middlewares/Third_Party/FatFs/src/ff_gen_drv.o
 .ARM.attributes
                0x000004ef       0x34 /Applications/STM32CubeIDE.app/Contents/Eclipse/plugins/com.st.stm32cube.ide.mcu.externaltools.gnu-tools-for-stm32.12.3.rel1.macos64_1.1.0.202410301201/tools/bin/../lib/gcc/arm-none-eabi/12.3.1/../../../../arm-none-eabi/lib/thumb/v7e-m+fp/hard/libc_nano.a(libc_a-malloc.o)
 .ARM.attributes
                0x00000523       0x34 /Applications/STM32CubeIDE.app/Contents/Eclipse/plugins/com.st.stm32cube.ide.mcu.externaltools.gnu-tools-for-stm32.12.3.rel1.macos64_1.1.0.202410301201/tools/bin/../lib/gcc/arm-none-eabi/12.3.1/../../../../arm-none-eabi/lib/thumb/v7e-m+fp/hard/libc_nano.a(libc_a-mallocr.o)
 .ARM.attributes
                0x00000557       0x34 /Applications/STM32CubeIDE.app/Contents/Eclipse/plugins/com.st.stm32cube.ide.mcu.externaltools.gnu-tools-for-stm32.12.3.rel1.macos64_1.1.0.202410301201/tools/bin/../lib/gcc/arm-none-eabi/12.3.1/../../../../arm-none-eabi/lib/thumb/v7e-m+fp/hard/libc_nano.a(libc_a-mlock.o)
 .ARM.attributes
                0x0000058b       0x34 /Applications/STM32CubeIDE.app/Contents/Eclipse/plugins/com.st.stm32cube.ide.mcu.externaltools.gnu-tools-for-stm32.12.3.rel1.macos64_1.1.0.202410301201/tools/bin/../lib/gcc/arm-none-eabi/12.3.1/../../../../arm-none-eabi/lib/thumb/v7e-m+fp/hard/libc_nano.a(libc_a-findfp.o)
 .ARM.attributes
                0x000005bf       0x34 /Applications/STM32CubeIDE.app/Contents/Eclipse/plugins/com.st.stm32cube.ide.mcu.externaltools.gnu-tools-for-stm32.12.3.rel1.macos64_1.1.0.202410301201/tools/bin/../lib/gcc/arm-none-eabi/12.3.1/../../../../arm-none-eabi/lib/thumb/v7e-m+fp/hard/libc_nano.a(libc_a-fwalk.o)
 .ARM.attributes
                0x000005f3       0x34 /Applications/STM32CubeIDE.app/Contents/Eclipse/plugins/com.st.stm32cube.ide.mcu.externaltools.gnu-tools-for-stm32.12.3.rel1.macos64_1.1.0.202410301201/tools/bin/../lib/gcc/arm-none-eabi/12.3.1/../../../../arm-none-eabi/lib/thumb/v7e-m+fp/hard/libc_nano.a(libc_a-puts.o)
 .ARM.attributes
                0x00000627       0x34 /Applications/STM32CubeIDE.app/Contents/Eclipse/plugins/com.st.stm32cube.ide.mcu.externaltools.gnu-tools-for-stm32.12.3.rel1.macos64_1.1.0.202410301201/tools/bin/../lib/gcc/arm-none-eabi/12.3.1/../../../../arm-none-eabi/lib/thumb/v7e-m+fp/hard/libc_nano.a(libc_a-memset.o)
 .ARM.attributes
                0x0000065b       0x34 /Applications/STM32CubeIDE.app/Contents/Eclipse/plugins/com.st.stm32cube.ide.mcu.externaltools.gnu-tools-for-stm32.12.3.rel1.macos64_1.1.0.202410301201/tools/bin/../lib/gcc/arm-none-eabi/12.3.1/../../../../arm-none-eabi/lib/thumb/v7e-m+fp/hard/libc_nano.a(libc_a-impure.o)
 .ARM.attributes
                0x0000068f       0x34 /Applications/STM32CubeIDE.app/Contents/Eclipse/plugins/com.st.stm32cube.ide.mcu.externaltools.gnu-tools-for-stm32.12.3.rel1.macos64_1.1.0.202410301201/tools/bin/../lib/gcc/arm-none-eabi/12.3.1/../../../../arm-none-eabi/lib/thumb/v7e-m+fp/hard/libc_nano.a(libc_a-sbrkr.o)
 .ARM.attributes
                0x000006c3       0x34 /Applications/STM32CubeIDE.app/Contents/Eclipse/plugins/com.st.stm32cube.ide.mcu.externaltools.gnu-tools-for-stm32.12.3.rel1.macos64_1.1.0.202410301201/tools/bin/../lib/gcc/arm-none-eabi/12.3.1/../../../../arm-none-eabi/lib/thumb/v7e-m+fp/hard/libc_nano.a(libc_a-errno.o)
 .ARM.attributes
                0x000006f7       0x34 /Applications/STM32CubeIDE.app/Contents/Eclipse/plugins/com.st.stm32cube.ide.mcu.externaltools.gnu-tools-for-stm32.12.3.rel1.macos64_1.1.0.202410301201/tools/bin/../lib/gcc/arm-none-eabi/12.3.1/../../../../arm-none-eabi/lib/thumb/v7e-m+fp/hard/libc_nano.a(libc_a-init.o)
 .ARM.attributes
                0x0000072b       0x34 /Applications/STM32CubeIDE.app/Contents/Eclipse/plugins/com.st.stm32cube.ide.mcu.externaltools.gnu-tools-for-stm32.12.3.rel1.macos64_1.1.0.202410301201/tools/bin/../lib/gcc/arm-none-eabi/12.3.1/../../../../arm-none-eabi/lib/thumb/v7e-m+fp/hard/libc_nano.a(libc_a-lock.o)
 .ARM.attributes
                0x0000075f       0x17 /Applications/STM32CubeIDE.app/Contents/Eclipse/plugins/com.st.stm32cube.ide.mcu.externaltools.gnu-tools-for-stm32.12.3.rel1.macos64_1.1.0.202410301201/tools/bin/../lib/gcc/arm-none-eabi/12.3.1/../../../../arm-none-eabi/lib/thumb/v7e-m+fp/hard/libc_nano.a(libc_a-strlen.o)
 .ARM.attributes
                0x00000776       0x34 /Applications/STM32CubeIDE.app/Contents/Eclipse/plugins/com.st.stm32cube.ide.mcu.externaltools.gnu-tools-for-stm32.12.3.rel1.macos64_1.1.0.202410301201/tools/bin/../lib/gcc/arm-none-eabi/12.3.1/../../../../arm-none-eabi/lib/thumb/v7e-m+fp/hard/libc_nano.a(libc_a-freer.o)
 .ARM.attributes
                0x000007aa       0x34 /Applications/STM32CubeIDE.app/Contents/Eclipse/plugins/com.st.stm32cube.ide.mcu.externaltools.gnu-tools-for-stm32.12.3.rel1.macos64_1.1.0.202410301201/tools/bin/../lib/gcc/arm-none-eabi/12.3.1/../../../../arm-none-eabi/lib/thumb/v7e-m+fp/hard/libc_nano.a(libc_a-fflush.o)
 .ARM.attributes
                0x000007de       0x34 /Applications/STM32CubeIDE.app/Contents/Eclipse/plugins/com.st.stm32cube.ide.mcu.externaltools.gnu-tools-for-stm32.12.3.rel1.macos64_1.1.0.202410301201/tools/bin/../lib/gcc/arm-none-eabi/12.3.1/../../../../arm-none-eabi/lib/thumb/v7e-m+fp/hard/libc_nano.a(libc_a-stdio.o)
 .ARM.attributes
                0x00000812       0x34 /Applications/STM32CubeIDE.app/Contents/Eclipse/plugins/com.st.stm32cube.ide.mcu.externaltools.gnu-tools-for-stm32.12.3.rel1.macos64_1.1.0.202410301201/tools/bin/../lib/gcc/arm-none-eabi/12.3.1/../../../../arm-none-eabi/lib/thumb/v7e-m+fp/hard/libc_nano.a(libc_a-wbuf.o)
 .ARM.attributes
                0x00000846       0x34 /Applications/STM32CubeIDE.app/Contents/Eclipse/plugins/com.st.stm32cube.ide.mcu.externaltools.gnu-tools-for-stm32.12.3.rel1.macos64_1.1.0.202410301201/tools/bin/../lib/gcc/arm-none-eabi/12.3.1/../../../../arm-none-eabi/lib/thumb/v7e-m+fp/hard/libc_nano.a(libc_a-wsetup.o)
 .ARM.attributes
                0x0000087a       0x34 /Applications/STM32CubeIDE.app/Contents/Eclipse/plugins/com.st.stm32cube.ide.mcu.externaltools.gnu-tools-for-stm32.12.3.rel1.macos64_1.1.0.202410301201/tools/bin/../lib/gcc/arm-none-eabi/12.3.1/../../../../arm-none-eabi/lib/thumb/v7e-m+fp/hard/libc_nano.a(libc_a-makebuf.o)
 .ARM.attributes
                0x000008ae       0x34 /Applications/STM32CubeIDE.app/Contents/Eclipse/plugins/com.st.stm32cube.ide.mcu.externaltools.gnu-tools-for-stm32.12.3.rel1.macos64_1.1.0.202410301201/tools/bin/../lib/gcc/arm-none-eabi/12.3.1/../../../../arm-none-eabi/lib/thumb/v7e-m+fp/hard/libc_nano.a(libc_a-closer.o)
 .ARM.attributes
                0x000008e2       0x34 /Applications/STM32CubeIDE.app/Contents/Eclipse/plugins/com.st.stm32cube.ide.mcu.externaltools.gnu-tools-for-stm32.12.3.rel1.macos64_1.1.0.202410301201/tools/bin/../lib/gcc/arm-none-eabi/12.3.1/../../../../arm-none-eabi/lib/thumb/v7e-m+fp/hard/libc_nano.a(libc_a-reent.o)
 .ARM.attributes
                0x00000916       0x34 /Applications/STM32CubeIDE.app/Contents/Eclipse/plugins/com.st.stm32cube.ide.mcu.externaltools.gnu-tools-for-stm32.12.3.rel1.macos64_1.1.0.202410301201/tools/bin/../lib/gcc/arm-none-eabi/12.3.1/../../../../arm-none-eabi/lib/thumb/v7e-m+fp/hard/libc_nano.a(libc_a-fstatr.o)
 .ARM.attributes
                0x0000094a       0x34 /Applications/STM32CubeIDE.app/Contents/Eclipse/plugins/com.st.stm32cube.ide.mcu.externaltools.gnu-tools-for-stm32.12.3.rel1.macos64_1.1.0.202410301201/tools/bin/../lib/gcc/arm-none-eabi/12.3.1/../../../../arm-none-eabi/lib/thumb/v7e-m+fp/hard/libc_nano.a(libc_a-isattyr.o)
 .ARM.attributes
                0x0000097e       0x34 /Applications/STM32CubeIDE.app/Contents/Eclipse/plugins/com.st.stm32cube.ide.mcu.externaltools.gnu-tools-for-stm32.12.3.rel1.macos64_1.1.0.202410301201/tools/bin/../lib/gcc/arm-none-eabi/12.3.1/../../../../arm-none-eabi/lib/thumb/v7e-m+fp/hard/libc_nano.a(libc_a-lseekr.o)
 .ARM.attributes
                0x000009b2       0x34 /Applications/STM32CubeIDE.app/Contents/Eclipse/plugins/com.st.stm32cube.ide.mcu.externaltools.gnu-tools-for-stm32.12.3.rel1.macos64_1.1.0.202410301201/tools/bin/../lib/gcc/arm-none-eabi/12.3.1/../../../../arm-none-eabi/lib/thumb/v7e-m+fp/hard/libc_nano.a(libc_a-readr.o)
 .ARM.attributes
                0x000009e6       0x34 /Applications/STM32CubeIDE.app/Contents/Eclipse/plugins/com.st.stm32cube.ide.mcu.externaltools.gnu-tools-for-stm32.12.3.rel1.macos64_1.1.0.202410301201/tools/bin/../lib/gcc/arm-none-eabi/12.3.1/../../../../arm-none-eabi/lib/thumb/v7e-m+fp/hard/libc_nano.a(libc_a-writer.o)
 .ARM.attributes
                0x00000a1a       0x22 /Applications/STM32CubeIDE.app/Contents/Eclipse/plugins/com.st.stm32cube.ide.mcu.externaltools.gnu-tools-for-stm32.12.3.rel1.macos64_1.1.0.202410301201/tools/bin/../lib/gcc/arm-none-eabi/12.3.1/thumb/v7e-m+fp/hard/libgcc.a(_aeabi_uldivmod.o)
 .ARM.attributes
                0x00000a3c       0x34 /Applications/STM32CubeIDE.app/Contents/Eclipse/plugins/com.st.stm32cube.ide.mcu.externaltools.gnu-tools-for-stm32.12.3.rel1.macos64_1.1.0.202410301201/tools/bin/../lib/gcc/arm-none-eabi/12.3.1/thumb/v7e-m+fp/hard/libgcc.a(_udivmoddi4.o)
 .ARM.attributes
                0x00000a70       0x22 /Applications/STM32CubeIDE.app/Contents/Eclipse/plugins/com.st.stm32cube.ide.mcu.externaltools.gnu-tools-for-stm32.12.3.rel1.macos64_1.1.0.202410301201/tools/bin/../lib/gcc/arm-none-eabi/12.3.1/thumb/v7e-m+fp/hard/libgcc.a(_dvmd_tls.o)
 .ARM.attributes
                0x00000a92       0x22 /Applications/STM32CubeIDE.app/Contents/Eclipse/plugins/com.st.stm32cube.ide.mcu.externaltools.gnu-tools-for-stm32.12.3.rel1.macos64_1.1.0.202410301201/tools/bin/../lib/gcc/arm-none-eabi/12.3.1/thumb/v7e-m+fp/hard/crtn.o
OUTPUT(stm32f411_sdcard.elf elf32-littlearm)
LOAD linker stubs
LOAD /Applications/STM32CubeIDE.app/Contents/Eclipse/plugins/com.st.stm32cube.ide.mcu.externaltools.gnu-tools-for-stm32.12.3.rel1.macos64_1.1.0.202410301201/tools/bin/../lib/gcc/arm-none-eabi/12.3.1/../../../../arm-none-eabi/lib/thumb/v7e-m+fp/hard/libc.a
LOAD /Applications/STM32CubeIDE.app/Contents/Eclipse/plugins/com.st.stm32cube.ide.mcu.externaltools.gnu-tools-for-stm32.12.3.rel1.macos64_1.1.0.202410301201/tools/bin/../lib/gcc/arm-none-eabi/12.3.1/../../../../arm-none-eabi/lib/thumb/v7e-m+fp/hard/libm.a
LOAD /Applications/STM32CubeIDE.app/Contents/Eclipse/plugins/com.st.stm32cube.ide.mcu.externaltools.gnu-tools-for-stm32.12.3.rel1.macos64_1.1.0.202410301201/tools/bin/../lib/gcc/arm-none-eabi/12.3.1/thumb/v7e-m+fp/hard/libgcc.a

.debug_info     0x00000000     0xf3a6
 .debug_info    0x00000000      0xa38 ./Core/Src/app.o
 .debug_info    0x00000a38      0xc40 ./Core/Src/fatfs_sd.o
 .debug_info    0x00001678      0xe26 ./Core/Src/main.o
 .debug_info    0x0000249e      0xdec ./Core/Src/stm32f4xx_hal_msp.o
 .debug_info    0x0000328a      0x669 ./Core/Src/stm32f4xx_it.o
 .debug_info    0x000038f3      0x6a3 ./Core/Src/syscalls.o
 .debug_info    0x00003f96      0x168 ./Core/Src/sysmem.o
 .debug_info    0x000040fe      0x53e ./Core/Src/system_stm32f4xx.o
 .debug_info    0x0000463c       0xec ./Core/Src/timer.o
 .debug_info    0x00004728      0x780 ./Core/Src/uart.o
 .debug_info    0x00004ea8       0x30 ./Core/Startup/startup_stm32f411retx.o
 .debug_info    0x00004ed8      0x8c4 ./Drivers/STM32F4xx_HAL_Driver/Src/stm32f4xx_hal.o
 .debug_info    0x0000579c      0xcfc ./Drivers/STM32F4xx_HAL_Driver/Src/stm32f4xx_hal_cortex.o
 .debug_info    0x00006498      0x8e6 ./Drivers/STM32F4xx_HAL_Driver/Src/stm32f4xx_hal_dma.o
 .debug_info    0x00006d7e      0x6f9 ./Drivers/STM32F4xx_HAL_Driver/Src/stm32f4xx_hal_gpio.o
 .debug_info    0x00007477      0x8f0 ./Drivers/STM32F4xx_HAL_Driver/Src/stm32f4xx_hal_rcc.o
 .debug_info    0x00007d67     0x1530 ./Drivers/STM32F4xx_HAL_Driver/Src/stm32f4xx_hal_spi.o
 .debug_info    0x00009297     0x2f56 ./Drivers/STM32F4xx_HAL_Driver/Src/stm32f4xx_hal_uart.o
 .debug_info    0x0000c1ed      0x4d9 ./FATFS/App/fatfs.o
 .debug_info    0x0000c6c6      0x3a5 ./FATFS/Target/user_diskio.o
 .debug_info    0x0000ca6b      0x3df ./Middlewares/Third_Party/FatFs/src/diskio.o
 .debug_info    0x0000ce4a     0x21dd ./Middlewares/Third_Party/FatFs/src/ff.o
 .debug_info    0x0000f027      0x37f ./Middlewares/Third_Party/FatFs/src/ff_gen_drv.o

.debug_abbrev   0x00000000     0x2b0d
 .debug_abbrev  0x00000000      0x1eb ./Core/Src/app.o
 .debug_abbrev  0x000001eb      0x2c7 ./Core/Src/fatfs_sd.o
 .debug_abbrev  0x000004b2      0x274 ./Core/Src/main.o
 .debug_abbrev  0x00000726      0x1cb ./Core/Src/stm32f4xx_hal_msp.o
 .debug_abbrev  0x000008f1      0x1c8 ./Core/Src/stm32f4xx_it.o
 .debug_abbrev  0x00000ab9      0x1b6 ./Core/Src/syscalls.o
 .debug_abbrev  0x00000c6f       0xbc ./Core/Src/sysmem.o
 .debug_abbrev  0x00000d2b      0x11a ./Core/Src/system_stm32f4xx.o
 .debug_abbrev  0x00000e45       0x86 ./Core/Src/timer.o
 .debug_abbrev  0x00000ecb      0x21d ./Core/Src/uart.o
 .debug_abbrev  0x000010e8       0x24 ./Core/Startup/startup_stm32f411retx.o
 .debug_abbrev  0x0000110c      0x24b ./Drivers/STM32F4xx_HAL_Driver/Src/stm32f4xx_hal.o
 .debug_abbrev  0x00001357      0x31d ./Drivers/STM32F4xx_HAL_Driver/Src/stm32f4xx_hal_cortex.o
 .debug_abbrev  0x00001674      0x221 ./Drivers/STM32F4xx_HAL_Driver/Src/stm32f4xx_hal_dma.o
 .debug_abbrev  0x00001895      0x1d3 ./Drivers/STM32F4xx_HAL_Driver/Src/stm32f4xx_hal_gpio.o
 .debug_abbrev  0x00001a68      0x2b6 ./Drivers/STM32F4xx_HAL_Driver/Src/stm32f4xx_hal_rcc.o
 .debug_abbrev  0x00001d1e      0x276 ./Drivers/STM32F4xx_HAL_Driver/Src/stm32f4xx_hal_spi.o
 .debug_abbrev  0x00001f94      0x31b ./Drivers/STM32F4xx_HAL_Driver/Src/stm32f4xx_hal_uart.o
 .debug_abbrev  0x000022af      0x160 ./FATFS/App/fatfs.o
 .debug_abbrev  0x0000240f      0x15c ./FATFS/Target/user_diskio.o
 .debug_abbrev  0x0000256b      0x181 ./Middlewares/Third_Party/FatFs/src/diskio.o
 .debug_abbrev  0x000026ec      0x282 ./Middlewares/Third_Party/FatFs/src/ff.o
 .debug_abbrev  0x0000296e      0x19f ./Middlewares/Third_Party/FatFs/src/ff_gen_drv.o

.debug_aranges  0x00000000      0xd90
 .debug_aranges
                0x00000000       0x20 ./Core/Src/app.o
 .debug_aranges
                0x00000020       0xa0 ./Core/Src/fatfs_sd.o
 .debug_aranges
                0x000000c0       0x48 ./Core/Src/main.o
 .debug_aranges
                0x00000108       0x40 ./Core/Src/stm32f4xx_hal_msp.o
 .debug_aranges
                0x00000148       0x68 ./Core/Src/stm32f4xx_it.o
 .debug_aranges
                0x000001b0       0xa8 ./Core/Src/syscalls.o
 .debug_aranges
                0x00000258       0x20 ./Core/Src/sysmem.o
 .debug_aranges
                0x00000278       0x28 ./Core/Src/system_stm32f4xx.o
 .debug_aranges
                0x000002a0       0x28 ./Core/Src/timer.o
 .debug_aranges
                0x000002c8       0x40 ./Core/Src/uart.o
 .debug_aranges
                0x00000308       0x28 ./Core/Startup/startup_stm32f411retx.o
 .debug_aranges
                0x00000330       0xf0 ./Drivers/STM32F4xx_HAL_Driver/Src/stm32f4xx_hal.o
 .debug_aranges
                0x00000420      0x130 ./Drivers/STM32F4xx_HAL_Driver/Src/stm32f4xx_hal_cortex.o
 .debug_aranges
                0x00000550       0x90 ./Drivers/STM32F4xx_HAL_Driver/Src/stm32f4xx_hal_dma.o
 .debug_aranges
                0x000005e0       0x58 ./Drivers/STM32F4xx_HAL_Driver/Src/stm32f4xx_hal_gpio.o
 .debug_aranges
                0x00000638       0x88 ./Drivers/STM32F4xx_HAL_Driver/Src/stm32f4xx_hal_rcc.o
 .debug_aranges
                0x000006c0      0x1d0 ./Drivers/STM32F4xx_HAL_Driver/Src/stm32f4xx_hal_spi.o
 .debug_aranges
                0x00000890      0x208 ./Drivers/STM32F4xx_HAL_Driver/Src/stm32f4xx_hal_uart.o
 .debug_aranges
                0x00000a98       0x28 ./FATFS/App/fatfs.o
 .debug_aranges
                0x00000ac0       0x40 ./FATFS/Target/user_diskio.o
 .debug_aranges
                0x00000b00       0x48 ./Middlewares/Third_Party/FatFs/src/diskio.o
 .debug_aranges
                0x00000b48      0x208 ./Middlewares/Third_Party/FatFs/src/ff.o
 .debug_aranges
                0x00000d50       0x40 ./Middlewares/Third_Party/FatFs/src/ff_gen_drv.o

.debug_rnglists
                0x00000000      0xa4b
 .debug_rnglists
                0x00000000       0x14 ./Core/Src/app.o
 .debug_rnglists
                0x00000014       0x7a ./Core/Src/fatfs_sd.o
 .debug_rnglists
                0x0000008e       0x32 ./Core/Src/main.o
 .debug_rnglists
                0x000000c0       0x2d ./Core/Src/stm32f4xx_hal_msp.o
 .debug_rnglists
                0x000000ed       0x49 ./Core/Src/stm32f4xx_it.o
 .debug_rnglists
                0x00000136       0x79 ./Core/Src/syscalls.o
 .debug_rnglists
                0x000001af       0x13 ./Core/Src/sysmem.o
 .debug_rnglists
                0x000001c2       0x1a ./Core/Src/system_stm32f4xx.o
 .debug_rnglists
                0x000001dc       0x19 ./Core/Src/timer.o
 .debug_rnglists
                0x000001f5       0x2b ./Core/Src/uart.o
 .debug_rnglists
                0x00000220       0x19 ./Core/Startup/startup_stm32f411retx.o
 .debug_rnglists
                0x00000239       0xaf ./Drivers/STM32F4xx_HAL_Driver/Src/stm32f4xx_hal.o
 .debug_rnglists
                0x000002e8       0xe0 ./Drivers/STM32F4xx_HAL_Driver/Src/stm32f4xx_hal_cortex.o
 .debug_rnglists
                0x000003c8       0x70 ./Drivers/STM32F4xx_HAL_Driver/Src/stm32f4xx_hal_dma.o
 .debug_rnglists
                0x00000438       0x3f ./Drivers/STM32F4xx_HAL_Driver/Src/stm32f4xx_hal_gpio.o
 .debug_rnglists
                0x00000477       0x66 ./Drivers/STM32F4xx_HAL_Driver/Src/stm32f4xx_hal_rcc.o
 .debug_rnglists
                0x000004dd      0x16f ./Drivers/STM32F4xx_HAL_Driver/Src/stm32f4xx_hal_spi.o
 .debug_rnglists
                0x0000064c      0x1bc ./Drivers/STM32F4xx_HAL_Driver/Src/stm32f4xx_hal_uart.o
 .debug_rnglists
                0x00000808       0x19 ./FATFS/App/fatfs.o
 .debug_rnglists
                0x00000821       0x2b ./FATFS/Target/user_diskio.o
 .debug_rnglists
                0x0000084c       0x31 ./Middlewares/Third_Party/FatFs/src/diskio.o
 .debug_rnglists
                0x0000087d      0x1a2 ./Middlewares/Third_Party/FatFs/src/ff.o
 .debug_rnglists
                0x00000a1f       0x2c ./Middlewares/Third_Party/FatFs/src/ff_gen_drv.o

.debug_macro    0x00000000    0x18cd2
 .debug_macro   0x00000000      0x38e ./Core/Src/app.o
 .debug_macro   0x0000038e      0xab4 ./Core/Src/app.o
 .debug_macro   0x00000e42      0x29b ./Core/Src/app.o
 .debug_macro   0x000010dd       0x2e ./Core/Src/app.o
 .debug_macro   0x0000110b       0x28 ./Core/Src/app.o
 .debug_macro   0x00001133       0x22 ./Core/Src/app.o
 .debug_macro   0x00001155       0x8e ./Core/Src/app.o
 .debug_macro   0x000011e3       0x51 ./Core/Src/app.o
 .debug_macro   0x00001234      0x103 ./Core/Src/app.o
 .debug_macro   0x00001337       0x6a ./Core/Src/app.o
 .debug_macro   0x000013a1      0x1df ./Core/Src/app.o
 .debug_macro   0x00001580       0x1c ./Core/Src/app.o
 .debug_macro   0x0000159c       0x22 ./Core/Src/app.o
 .debug_macro   0x000015be       0xfb ./Core/Src/app.o
 .debug_macro   0x000016b9     0x1011 ./Core/Src/app.o
 .debug_macro   0x000026ca      0x11f ./Core/Src/app.o
 .debug_macro   0x000027e9     0xb953 ./Core/Src/app.o
 .debug_macro   0x0000e13c       0x6d ./Core/Src/app.o
 .debug_macro   0x0000e1a9     0x369a ./Core/Src/app.o
 .debug_macro   0x00011843      0x189 ./Core/Src/app.o
 .debug_macro   0x000119cc       0x5c ./Core/Src/app.o
 .debug_macro   0x00011a28      0x45c ./Core/Src/app.o
 .debug_macro   0x00011e84      0x9e9 ./Core/Src/app.o
 .debug_macro   0x0001286d      0x115 ./Core/Src/app.o
 .debug_macro   0x00012982      0x11b ./Core/Src/app.o
 .debug_macro   0x00012a9d       0xa5 ./Core/Src/app.o
 .debug_macro   0x00012b42      0x15f ./Core/Src/app.o
 .debug_macro   0x00012ca1      0x287 ./Core/Src/app.o
 .debug_macro   0x00012f28       0x5f ./Core/Src/app.o
 .debug_macro   0x00012f87      0x236 ./Core/Src/app.o
 .debug_macro   0x000131bd      0x132 ./Core/Src/app.o
 .debug_macro   0x000132ef      0x264 ./Core/Src/app.o
 .debug_macro   0x00013553       0x2e ./Core/Src/app.o
 .debug_macro   0x00013581      0x127 ./Core/Src/app.o
 .debug_macro   0x000136a8       0x85 ./Core/Src/app.o
 .debug_macro   0x0001372d       0x89 ./Core/Src/app.o
 .debug_macro   0x000137b6      0x225 ./Core/Src/app.o
 .debug_macro   0x000139db      0x2aa ./Core/Src/app.o
 .debug_macro   0x00013c85      0x126 ./Core/Src/app.o
 .debug_macro   0x00013dab       0x10 ./Core/Src/app.o
 .debug_macro   0x00013dbb       0x61 ./Core/Src/app.o
 .debug_macro   0x00013e1c       0x2a ./Core/Src/app.o
 .debug_macro   0x00013e46       0x43 ./Core/Src/app.o
 .debug_macro   0x00013e89       0x34 ./Core/Src/app.o
 .debug_macro   0x00013ebd       0x16 ./Core/Src/app.o
 .debug_macro   0x00013ed3       0x35 ./Core/Src/app.o
 .debug_macro   0x00013f08      0x369 ./Core/Src/app.o
 .debug_macro   0x00014271       0x10 ./Core/Src/app.o
 .debug_macro   0x00014281       0x16 ./Core/Src/app.o
 .debug_macro   0x00014297       0x43 ./Core/Src/app.o
 .debug_macro   0x000142da       0x34 ./Core/Src/app.o
 .debug_macro   0x0001430e       0x10 ./Core/Src/app.o
 .debug_macro   0x0001431e       0x58 ./Core/Src/app.o
 .debug_macro   0x00014376       0x8e ./Core/Src/app.o
 .debug_macro   0x00014404       0x1c ./Core/Src/app.o
 .debug_macro   0x00014420      0x177 ./Core/Src/app.o
 .debug_macro   0x00014597       0x16 ./Core/Src/app.o
 .debug_macro   0x000145ad       0x16 ./Core/Src/app.o
 .debug_macro   0x000145c3      0x146 ./Core/Src/app.o
 .debug_macro   0x00014709       0x16 ./Core/Src/app.o
 .debug_macro   0x0001471f       0x20 ./Core/Src/app.o
 .debug_macro   0x0001473f       0xe5 ./Core/Src/app.o
 .debug_macro   0x00014824       0x16 ./Core/Src/app.o
 .debug_macro   0x0001483a       0x16 ./Core/Src/app.o
 .debug_macro   0x00014850       0x29 ./Core/Src/app.o
 .debug_macro   0x00014879       0x12 ./Core/Src/app.o
 .debug_macro   0x0001488b       0xdb ./Core/Src/app.o
 .debug_macro   0x00014966       0x8e ./Core/Src/app.o
 .debug_macro   0x000149f4      0x21e ./Core/Src/fatfs_sd.o
 .debug_macro   0x00014c12       0x16 ./Core/Src/fatfs_sd.o
 .debug_macro   0x00014c28       0x7c ./Core/Src/fatfs_sd.o
 .debug_macro   0x00014ca4       0x6a ./Core/Src/fatfs_sd.o
 .debug_macro   0x00014d0e      0x30a ./Core/Src/main.o
 .debug_macro   0x00015018       0xeb ./Core/Src/main.o
 .debug_macro   0x00015103       0xe2 ./Core/Src/main.o
 .debug_macro   0x000151e5      0x1eb ./Core/Src/stm32f4xx_hal_msp.o
 .debug_macro   0x000153d0      0x1f5 ./Core/Src/stm32f4xx_it.o
 .debug_macro   0x000155c5      0x274 ./Core/Src/syscalls.o
 .debug_macro   0x00015839       0x5b ./Core/Src/syscalls.o
 .debug_macro   0x00015894       0x94 ./Core/Src/syscalls.o
 .debug_macro   0x00015928       0x57 ./Core/Src/syscalls.o
 .debug_macro   0x0001597f       0x10 ./Core/Src/syscalls.o
 .debug_macro   0x0001598f       0x10 ./Core/Src/syscalls.o
 .debug_macro   0x0001599f       0x10 ./Core/Src/syscalls.o
 .debug_macro   0x000159af       0x10 ./Core/Src/syscalls.o
 .debug_macro   0x000159bf       0x1c ./Core/Src/syscalls.o
 .debug_macro   0x000159db       0x52 ./Core/Src/syscalls.o
 .debug_macro   0x00015a2d       0x22 ./Core/Src/syscalls.o
 .debug_macro   0x00015a4f       0x10 ./Core/Src/syscalls.o
 .debug_macro   0x00015a5f       0x52 ./Core/Src/syscalls.o
 .debug_macro   0x00015ab1       0xcf ./Core/Src/syscalls.o
 .debug_macro   0x00015b80       0x1c ./Core/Src/syscalls.o
 .debug_macro   0x00015b9c       0x3d ./Core/Src/syscalls.o
 .debug_macro   0x00015bd9       0x35 ./Core/Src/syscalls.o
 .debug_macro   0x00015c0e      0x12c ./Core/Src/syscalls.o
 .debug_macro   0x00015d3a       0x10 ./Core/Src/syscalls.o
 .debug_macro   0x00015d4a      0x242 ./Core/Src/syscalls.o
 .debug_macro   0x00015f8c       0x1c ./Core/Src/syscalls.o
 .debug_macro   0x00015fa8       0x10 ./Core/Src/syscalls.o
 .debug_macro   0x00015fb8      0x18a ./Core/Src/syscalls.o
 .debug_macro   0x00016142       0x16 ./Core/Src/syscalls.o
 .debug_macro   0x00016158       0xce ./Core/Src/syscalls.o
 .debug_macro   0x00016226       0xff ./Core/Src/sysmem.o
 .debug_macro   0x00016325      0x23c ./Core/Src/sysmem.o
 .debug_macro   0x00016561      0x1c4 ./Core/Src/system_stm32f4xx.o
 .debug_macro   0x00016725      0x1f5 ./Core/Src/timer.o
 .debug_macro   0x0001691a      0x2c3 ./Core/Src/uart.o
 .debug_macro   0x00016bdd       0x10 ./Core/Src/uart.o
 .debug_macro   0x00016bed      0x224 ./Drivers/STM32F4xx_HAL_Driver/Src/stm32f4xx_hal.o
 .debug_macro   0x00016e11      0x1c4 ./Drivers/STM32F4xx_HAL_Driver/Src/stm32f4xx_hal_cortex.o
 .debug_macro   0x00016fd5      0x1ca ./Drivers/STM32F4xx_HAL_Driver/Src/stm32f4xx_hal_dma.o
 .debug_macro   0x0001719f      0x1ca ./Drivers/STM32F4xx_HAL_Driver/Src/stm32f4xx_hal_gpio.o
 .debug_macro   0x00017369      0x1e8 ./Drivers/STM32F4xx_HAL_Driver/Src/stm32f4xx_hal_rcc.o
 .debug_macro   0x00017551      0x1d3 ./Drivers/STM32F4xx_HAL_Driver/Src/stm32f4xx_hal_spi.o
 .debug_macro   0x00017724      0x1c5 ./Drivers/STM32F4xx_HAL_Driver/Src/stm32f4xx_hal_uart.o
 .debug_macro   0x000178e9      0x310 ./FATFS/App/fatfs.o
 .debug_macro   0x00017bf9      0x32d ./FATFS/Target/user_diskio.o
 .debug_macro   0x00017f26       0x56 ./FATFS/Target/user_diskio.o
 .debug_macro   0x00017f7c      0x2fd ./Middlewares/Third_Party/FatFs/src/diskio.o
 .debug_macro   0x00018279      0x704 ./Middlewares/Third_Party/FatFs/src/ff.o
 .debug_macro   0x0001897d       0x58 ./Middlewares/Third_Party/FatFs/src/ff.o
 .debug_macro   0x000189d5      0x2fd ./Middlewares/Third_Party/FatFs/src/ff_gen_drv.o

.debug_line     0x00000000    0x13092
 .debug_line    0x00000000      0x956 ./Core/Src/app.o
 .debug_line    0x00000956      0xd99 ./Core/Src/fatfs_sd.o
 .debug_line    0x000016ef      0x9db ./Core/Src/main.o
 .debug_line    0x000020ca      0x771 ./Core/Src/stm32f4xx_hal_msp.o
 .debug_line    0x0000283b      0x7b0 ./Core/Src/stm32f4xx_it.o
 .debug_line    0x00002feb      0x841 ./Core/Src/syscalls.o
 .debug_line    0x0000382c      0x512 ./Core/Src/sysmem.o
 .debug_line    0x00003d3e      0x746 ./Core/Src/system_stm32f4xx.o
 .debug_line    0x00004484      0x704 ./Core/Src/timer.o
 .debug_line    0x00004b88      0x8cb ./Core/Src/uart.o
 .debug_line    0x00005453       0x7a ./Core/Startup/startup_stm32f411retx.o
 .debug_line    0x000054cd      0x9af ./Drivers/STM32F4xx_HAL_Driver/Src/stm32f4xx_hal.o
 .debug_line    0x00005e7c      0xca1 ./Drivers/STM32F4xx_HAL_Driver/Src/stm32f4xx_hal_cortex.o
 .debug_line    0x00006b1d      0xf1f ./Drivers/STM32F4xx_HAL_Driver/Src/stm32f4xx_hal_dma.o
 .debug_line    0x00007a3c      0xaff ./Drivers/STM32F4xx_HAL_Driver/Src/stm32f4xx_hal_gpio.o
 .debug_line    0x0000853b      0xd38 ./Drivers/STM32F4xx_HAL_Driver/Src/stm32f4xx_hal_rcc.o
 .debug_line    0x00009273     0x1ccd ./Drivers/STM32F4xx_HAL_Driver/Src/stm32f4xx_hal_spi.o
 .debug_line    0x0000af40     0x2881 ./Drivers/STM32F4xx_HAL_Driver/Src/stm32f4xx_hal_uart.o
 .debug_line    0x0000d7c1      0x8c7 ./FATFS/App/fatfs.o
 .debug_line    0x0000e088      0x91d ./FATFS/Target/user_diskio.o
 .debug_line    0x0000e9a5      0x939 ./Middlewares/Third_Party/FatFs/src/diskio.o
 .debug_line    0x0000f2de     0x3460 ./Middlewares/Third_Party/FatFs/src/ff.o
 .debug_line    0x0001273e      0x954 ./Middlewares/Third_Party/FatFs/src/ff_gen_drv.o

.debug_str      0x00000000    0x8b218
 .debug_str     0x00000000    0x855f8 ./Core/Src/app.o
                              0x8591f (size before relaxing)
 .debug_str     0x000855f8      0x4f4 ./Core/Src/fatfs_sd.o
                              0x81cf0 (size before relaxing)
 .debug_str     0x00085aec      0x331 ./Core/Src/main.o
                              0x8553e (size before relaxing)
 .debug_str     0x00085e1d      0x45f ./Core/Src/stm32f4xx_hal_msp.o
                              0x81f66 (size before relaxing)
 .debug_str     0x0008627c       0xff ./Core/Src/stm32f4xx_it.o
                              0x818ee (size before relaxing)
 .debug_str     0x0008637b     0x1f92 ./Core/Src/syscalls.o
                               0x98b4 (size before relaxing)
 .debug_str     0x0008830d       0x6b ./Core/Src/sysmem.o
                               0x60cc (size before relaxing)
 .debug_str     0x00088378       0xdb ./Core/Src/system_stm32f4xx.o
                              0x81526 (size before relaxing)
 .debug_str     0x00088453       0x3b ./Core/Src/timer.o
                              0x813d0 (size before relaxing)
 .debug_str     0x0008848e       0xcd ./Core/Src/uart.o
                              0x84a74 (size before relaxing)
 .debug_str     0x0008855b       0x44 ./Core/Startup/startup_stm32f411retx.o
                                 0x7f (size before relaxing)
 .debug_str     0x0008859f      0x608 ./Drivers/STM32F4xx_HAL_Driver/Src/stm32f4xx_hal.o
                              0x81f52 (size before relaxing)
 .debug_str     0x00088ba7      0x36b ./Drivers/STM32F4xx_HAL_Driver/Src/stm32f4xx_hal_cortex.o
                              0x81cbc (size before relaxing)
 .debug_str     0x00088f12      0x31a ./Drivers/STM32F4xx_HAL_Driver/Src/stm32f4xx_hal_dma.o
                              0x8192e (size before relaxing)
 .debug_str     0x0008922c      0x121 ./Drivers/STM32F4xx_HAL_Driver/Src/stm32f4xx_hal_gpio.o
                              0x816a1 (size before relaxing)
 .debug_str     0x0008934d      0x233 ./Drivers/STM32F4xx_HAL_Driver/Src/stm32f4xx_hal_rcc.o
                              0x8195a (size before relaxing)
 .debug_str     0x00089580      0x528 ./Drivers/STM32F4xx_HAL_Driver/Src/stm32f4xx_hal_spi.o
                              0x81dd2 (size before relaxing)
 .debug_str     0x00089aa8      0x5b5 ./Drivers/STM32F4xx_HAL_Driver/Src/stm32f4xx_hal_uart.o
                              0x81f29 (size before relaxing)
 .debug_str     0x0008a05d       0x74 ./FATFS/App/fatfs.o
                              0x84d3e (size before relaxing)
 .debug_str     0x0008a0d1       0x5a ./FATFS/Target/user_diskio.o
                              0x84d07 (size before relaxing)
 .debug_str     0x0008a12b       0x52 ./Middlewares/Third_Party/FatFs/src/diskio.o
                              0x84c4d (size before relaxing)
 .debug_str     0x0008a17d     0x100a ./Middlewares/Third_Party/FatFs/src/ff.o
                              0x85eb0 (size before relaxing)
 .debug_str     0x0008b187       0x91 ./Middlewares/Third_Party/FatFs/src/ff_gen_drv.o
                              0x84c9e (size before relaxing)

.comment        0x00000000       0x43
 .comment       0x00000000       0x43 ./Core/Src/app.o
                                 0x44 (size before relaxing)
 .comment       0x00000043       0x44 ./Core/Src/fatfs_sd.o
 .comment       0x00000043       0x44 ./Core/Src/main.o
 .comment       0x00000043       0x44 ./Core/Src/stm32f4xx_hal_msp.o
 .comment       0x00000043       0x44 ./Core/Src/stm32f4xx_it.o
 .comment       0x00000043       0x44 ./Core/Src/syscalls.o
 .comment       0x00000043       0x44 ./Core/Src/sysmem.o
 .comment       0x00000043       0x44 ./Core/Src/system_stm32f4xx.o
 .comment       0x00000043       0x44 ./Core/Src/timer.o
 .comment       0x00000043       0x44 ./Core/Src/uart.o
 .comment       0x00000043       0x44 ./Drivers/STM32F4xx_HAL_Driver/Src/stm32f4xx_hal.o
 .comment       0x00000043       0x44 ./Drivers/STM32F4xx_HAL_Driver/Src/stm32f4xx_hal_cortex.o
 .comment       0x00000043       0x44 ./Drivers/STM32F4xx_HAL_Driver/Src/stm32f4xx_hal_dma.o